Component: ARM Compiler 5.06 update 7 (build 960) Tool: armlink [4d3601]

==============================================================================

Section Cross References

    startup_stm32f407xx.o(RESET) refers to startup_stm32f407xx.o(STACK) for __initial_sp
    startup_stm32f407xx.o(RESET) refers to startup_stm32f407xx.o(.text) for Reset_Handler
    startup_stm32f407xx.o(RESET) refers to stm32f4xx_it.o(i.NMI_Handler) for NMI_Handler
    startup_stm32f407xx.o(RESET) refers to stm32f4xx_it.o(i.HardFault_Handler) for HardFault_Handler
    startup_stm32f407xx.o(RESET) refers to stm32f4xx_it.o(i.MemManage_Handler) for MemManage_Handler
    startup_stm32f407xx.o(RESET) refers to stm32f4xx_it.o(i.BusFault_Handler) for BusFault_Handler
    startup_stm32f407xx.o(RESET) refers to stm32f4xx_it.o(i.UsageFault_Handler) for UsageFault_Handler
    startup_stm32f407xx.o(RESET) refers to stm32f4xx_it.o(i.SVC_Handler) for SVC_Handler
    startup_stm32f407xx.o(RESET) refers to stm32f4xx_it.o(i.DebugMon_Handler) for DebugMon_Handler
    startup_stm32f407xx.o(RESET) refers to stm32f4xx_it.o(i.PendSV_Handler) for PendSV_Handler
    startup_stm32f407xx.o(RESET) refers to stm32f4xx_it.o(i.SysTick_Handler) for SysTick_Handler
    startup_stm32f407xx.o(RESET) refers to stm32f4xx_it.o(i.DMA1_Stream5_IRQHandler) for DMA1_Stream5_IRQHandler
    startup_stm32f407xx.o(RESET) refers to stm32f4xx_it.o(i.DMA1_Stream6_IRQHandler) for DMA1_Stream6_IRQHandler
    startup_stm32f407xx.o(RESET) refers to stm32f4xx_it.o(i.USART1_IRQHandler) for USART1_IRQHandler
    startup_stm32f407xx.o(RESET) refers to stm32f4xx_it.o(i.USART2_IRQHandler) for USART2_IRQHandler
    startup_stm32f407xx.o(RESET) refers to stm32f4xx_it.o(i.USART3_IRQHandler) for USART3_IRQHandler
    startup_stm32f407xx.o(RESET) refers to stm32f4xx_it.o(i.UART5_IRQHandler) for UART5_IRQHandler
    startup_stm32f407xx.o(RESET) refers to stm32f4xx_it.o(i.TIM6_DAC_IRQHandler) for TIM6_DAC_IRQHandler
    startup_stm32f407xx.o(RESET) refers to stm32f4xx_it.o(i.FPU_IRQHandler) for FPU_IRQHandler
    startup_stm32f407xx.o(.text) refers to system_stm32f4xx.o(i.SystemInit) for SystemInit
    startup_stm32f407xx.o(.text) refers to entry.o(.ARM.Collect$$$$00000000) for __main
    stm32f4xx_hal_tim.o(i.HAL_TIM_Base_DeInit) refers to tim.o(i.HAL_TIM_Base_MspDeInit) for HAL_TIM_Base_MspDeInit
    stm32f4xx_hal_tim.o(i.HAL_TIM_Base_Init) refers to tim.o(i.HAL_TIM_Base_MspInit) for HAL_TIM_Base_MspInit
    stm32f4xx_hal_tim.o(i.HAL_TIM_Base_Init) refers to stm32f4xx_hal_tim.o(i.TIM_Base_SetConfig) for TIM_Base_SetConfig
    stm32f4xx_hal_tim.o(i.HAL_TIM_Base_Start_DMA) refers to stm32f4xx_hal_dma.o(i.HAL_DMA_Start_IT) for HAL_DMA_Start_IT
    stm32f4xx_hal_tim.o(i.HAL_TIM_Base_Start_DMA) refers to stm32f4xx_hal_tim.o(i.TIM_DMAPeriodElapsedCplt) for TIM_DMAPeriodElapsedCplt
    stm32f4xx_hal_tim.o(i.HAL_TIM_Base_Start_DMA) refers to stm32f4xx_hal_tim.o(i.TIM_DMAPeriodElapsedHalfCplt) for TIM_DMAPeriodElapsedHalfCplt
    stm32f4xx_hal_tim.o(i.HAL_TIM_Base_Start_DMA) refers to stm32f4xx_hal_tim.o(i.TIM_DMAError) for TIM_DMAError
    stm32f4xx_hal_tim.o(i.HAL_TIM_Base_Stop_DMA) refers to stm32f4xx_hal_dma.o(i.HAL_DMA_Abort_IT) for HAL_DMA_Abort_IT
    stm32f4xx_hal_tim.o(i.HAL_TIM_ConfigClockSource) refers to stm32f4xx_hal_tim.o(i.TIM_ETR_SetConfig) for TIM_ETR_SetConfig
    stm32f4xx_hal_tim.o(i.HAL_TIM_ConfigClockSource) refers to stm32f4xx_hal_tim.o(i.TIM_TI1_ConfigInputStage) for TIM_TI1_ConfigInputStage
    stm32f4xx_hal_tim.o(i.HAL_TIM_ConfigClockSource) refers to stm32f4xx_hal_tim.o(i.TIM_TI2_ConfigInputStage) for TIM_TI2_ConfigInputStage
    stm32f4xx_hal_tim.o(i.HAL_TIM_ConfigClockSource) refers to stm32f4xx_hal_tim.o(i.TIM_ITRx_SetConfig) for TIM_ITRx_SetConfig
    stm32f4xx_hal_tim.o(i.HAL_TIM_ConfigOCrefClear) refers to stm32f4xx_hal_tim.o(i.TIM_ETR_SetConfig) for TIM_ETR_SetConfig
    stm32f4xx_hal_tim.o(i.HAL_TIM_DMABurst_MultiReadStart) refers to stm32f4xx_hal_dma.o(i.HAL_DMA_Start_IT) for HAL_DMA_Start_IT
    stm32f4xx_hal_tim.o(i.HAL_TIM_DMABurst_MultiReadStart) refers to stm32f4xx_hal_tim.o(i.TIM_DMAError) for TIM_DMAError
    stm32f4xx_hal_tim.o(i.HAL_TIM_DMABurst_MultiReadStart) refers to stm32f4xx_hal_tim.o(i.TIM_DMACaptureCplt) for TIM_DMACaptureCplt
    stm32f4xx_hal_tim.o(i.HAL_TIM_DMABurst_MultiReadStart) refers to stm32f4xx_hal_tim.o(i.TIM_DMACaptureHalfCplt) for TIM_DMACaptureHalfCplt
    stm32f4xx_hal_tim.o(i.HAL_TIM_DMABurst_MultiReadStart) refers to stm32f4xx_hal_tim.o(i.TIM_DMAPeriodElapsedCplt) for TIM_DMAPeriodElapsedCplt
    stm32f4xx_hal_tim.o(i.HAL_TIM_DMABurst_MultiReadStart) refers to stm32f4xx_hal_tim.o(i.TIM_DMAPeriodElapsedHalfCplt) for TIM_DMAPeriodElapsedHalfCplt
    stm32f4xx_hal_tim.o(i.HAL_TIM_DMABurst_MultiReadStart) refers to stm32f4xx_hal_tim_ex.o(i.TIMEx_DMACommutationCplt) for TIMEx_DMACommutationCplt
[...]
    i.HAL_TIM_IC_CaptureCallback             0x08002cfc   Section        0  stm32f4xx_hal_tim.o(i.HAL_TIM_IC_CaptureCallback)
    i.HAL_TIM_IRQHandler                     0x08002cfe   Section        0  stm32f4xx_hal_tim.o(i.HAL_TIM_IRQHandler)
    i.HAL_TIM_OC_DelayElapsedCallback        0x08002e2e   Section        0  stm32f4xx_hal_tim.o(i.HAL_TIM_OC_DelayElapsedCallback)
    i.HAL_TIM_PWM_PulseFinishedCallback      0x08002e30   Section        0  stm32f4xx_hal_tim.o(i.HAL_TIM_PWM_PulseFinishedCallback)
    i.HAL_TIM_PeriodElapsedCallback          0x08002e34   Section        0  usr_tim.o(i.HAL_TIM_PeriodElapsedCallback)
    i.HAL_TIM_TriggerCallback                0x08002ec0   Section        0  stm32f4xx_hal_tim.o(i.HAL_TIM_TriggerCallback)
    i.HAL_UARTEx_RxEventCallback             0x08002ec2   Section        0  stm32f4xx_hal_uart.o(i.HAL_UARTEx_RxEventCallback)
    i.HAL_UART_DMAStop                       0x08002ec4   Section        0  stm32f4xx_hal_uart.o(i.HAL_UART_DMAStop)
    i.HAL_UART_ErrorCallback                 0x08002f34   Section        0  stm32f4xx_hal_uart.o(i.HAL_UART_ErrorCallback)
    i.HAL_UART_IRQHandler                    0x08002f38   Section        0  stm32f4xx_hal_uart.o(i.HAL_UART_IRQHandler)
    i.HAL_UART_Init                          0x080031a8   Section        0  stm32f4xx_hal_uart.o(i.HAL_UART_Init)
    i.HAL_UART_MspInit                       0x0800320c   Section        0  usart.o(i.HAL_UART_MspInit)
    i.HAL_UART_Receive_DMA                   0x08003460   Section        0  stm32f4xx_hal_uart.o(i.HAL_UART_Receive_DMA)
    i.HAL_UART_Receive_IT                    0x0800347c   Section        0  stm32f4xx_hal_uart.o(i.HAL_UART_Receive_IT)
    i.HAL_UART_RxCpltCallback                0x08003498   Section        0  stm32f4xx_it.o(i.HAL_UART_RxCpltCallback)
    i.HAL_UART_RxCpltCallback_Servo          0x08003504   Section        0  user_uart.o(i.HAL_UART_RxCpltCallback_Servo)
    i.HAL_UART_RxHalfCpltCallback            0x08003534   Section        0  stm32f4xx_hal_uart.o(i.HAL_UART_RxHalfCpltCallback)
    i.HAL_UART_Transmit                      0x08003536   Section        0  stm32f4xx_hal_uart.o(i.HAL_UART_Transmit)
    i.HAL_UART_Transmit_DMA                  0x080035d8   Section        0  stm32f4xx_hal_uart.o(i.HAL_UART_Transmit_DMA)
    i.HAL_UART_TxCpltCallback                0x08003650   Section        0  stm32f4xx_hal_uart.o(i.HAL_UART_TxCpltCallback)
    i.HAL_UART_TxHalfCpltCallback            0x08003652   Section        0  stm32f4xx_hal_uart.o(i.HAL_UART_TxHalfCpltCallback)
    i.HardFault_Handler                      0x08003654   Section        0  stm32f4xx_it.o(i.HardFault_Handler)
    i.HuaGui_Fang_To_Map                     0x08003658   Section        0  motor_ctrl.o(i.HuaGui_Fang_To_Map)
    i.HuaGui_Get_From_Map                    0x0800367c   Section        0  motor_ctrl.o(i.HuaGui_Get_From_Map)
    i.HuaGui_UP                              0x080036a0   Section        0  motor_ctrl.o(i.HuaGui_UP)
    i.HuaGui_ZaiWu                           0x080036c0   Section        0  motor_ctrl.o(i.HuaGui_ZaiWu)
    i.HuaGui_ZhuanPan                        0x080036e4   Section        0  motor_ctrl.o(i.HuaGui_ZhuanPan)
    i.IMU_Data_Init                          0x08003708   Section        0  imu.o(i.IMU_Data_Init)
    i.IMU_Data_Proc                          0x08003748   Section        0  imu.o(i.IMU_Data_Proc)
    i.Jetson_Init                            0x080037f8   Section        0  jetson.o(i.Jetson_Init)
    i.Jetson_Receive_Data                    0x08003818   Section        0  jetson.o(i.Jetson_Receive_Data)
    i.Jetson_Send                            0x08003944   Section        0  jetson.o(i.Jetson_Send)
    i.Location_First                         0x0800398c   Section        0  servo.o(i.Location_First)
    i.Location_Second                        0x080039ac   Section        0  servo.o(i.Location_Second)
    i.Location_Third                         0x080039cc   Section        0  servo.o(i.Location_Third)
    i.MX_DMA_Init                            0x080039ec   Section        0  dma.o(i.MX_DMA_Init)
    i.MX_GPIO_Init                           0x08003a28   Section        0  gpio.o(i.MX_GPIO_Init)
    i.MX_TIM6_Init                           0x08003a84   Section        0  tim.o(i.MX_TIM6_Init)
    i.MX_UART4_Init                          0x08003acc   Section        0  usart.o(i.MX_UART4_Init)
    i.MX_UART5_Init                          0x08003b04   Section        0  usart.o(i.MX_UART5_Init)
    i.MX_USART1_UART_Init                    0x08003b3c   Section        0  usart.o(i.MX_USART1_UART_Init)
    i.MX_USART2_UART_Init                    0x08003b74   Section        0  usart.o(i.MX_USART2_UART_Init)
    i.MX_USART3_UART_Init                    0x08003bac   Section        0  usart.o(i.MX_USART3_UART_Init)
    i.MemManage_Handler                      0x08003be4   Section        0  stm32f4xx_it.o(i.MemManage_Handler)
    i.Motor_Enable                           0x08003be8   Section        0  motor_ctrl.o(i.Motor_Enable)
    i.Motor_Enable_All                       0x08003c20   Section        0  motor_ctrl.o(i.Motor_Enable_All)
    i.Motor_Init                             0x08003c44   Section        0  motor_ctrl.o(i.Motor_Init)
    i.Motor_Receive_Data                     0x08003c90   Section        0  motor_ctrl.o(i.Motor_Receive_Data)
    i.Motor_Reset                            0x08003d7c   Section        0  motor_ctrl.o(i.Motor_Reset)
    i.Motor_Run                              0x08003dd8   Section        0  motor_ctrl.o(i.Motor_Run)
    i.Motor_SetPosition                      0x08003e00   Section        0  motor_ctrl.o(i.Motor_SetPosition)
    i.Motor_SetPosition_A                    0x08003e84   Section        0  motor_ctrl.o(i.Motor_SetPosition_A)
    i.Motor_SetSpeed                         0x08003f28   Section        0  motor_ctrl.o(i.Motor_SetSpeed)
    i.My_ABS                                 0x08003f80   Section        0  motor_ctrl.o(i.My_ABS)
    i.NMI_Handler                            0x08003f88   Section        0  stm32f4xx_it.o(i.NMI_Handler)
    i.PendSV_Handler                         0x08003f8a   Section        0  stm32f4xx_it.o(i.PendSV_Handler)
    i.RingBuffer_GetByteFree                 0x08003f8c   Section        0  ring_buffer.o(i.RingBuffer_GetByteFree)
    i.RingBuffer_GetByteUsed                 0x08003f9c   Section        0  ring_buffer.o(i.RingBuffer_GetByteUsed)
    i.RingBuffer_GetChecksum                 0x08003fb2   Section        0  ring_buffer.o(i.RingBuffer_GetChecksum)
    i.RingBuffer_GetValueByIndex             0x08003fd8   Section        0  ring_buffer.o(i.RingBuffer_GetValueByIndex)
    i.RingBuffer_Init                        0x08004002   Section        0  ring_buffer.o(i.RingBuffer_Init)
    i.RingBuffer_IsEmpty                     0x08004022   Section        0  ring_buffer.o(i.RingBuffer_IsEmpty)
    i.RingBuffer_IsFull                      0x0800403c   Section        0  ring_buffer.o(i.RingBuffer_IsFull)
    i.RingBuffer_Pop                         0x0800404c   Section        0  ring_buffer.o(i.RingBuffer_Pop)
    i.RingBuffer_Push                        0x08004076   Section        0  ring_buffer.o(i.RingBuffer_Push)
    i.RingBuffer_ReadByte                    0x080040a0   Section        0  ring_buffer.o(i.RingBuffer_ReadByte)
    i.RingBuffer_WriteByte                   0x080040a4   Section        0  ring_buffer.o(i.RingBuffer_WriteByte)
    i.RingBuffer_WriteByteArray              0x080040a8   Section        0  ring_buffer.o(i.RingBuffer_WriteByteArray)
    i.RingBuffer_WriteShort                  0x080040c6   Section        0  ring_buffer.o(i.RingBuffer_WriteShort)
    i.RingBuffer_WriteUShort                 0x080040d2   Section        0  ring_buffer.o(i.RingBuffer_WriteUShort)
    i.SVC_Handler                            0x080040de   Section        0  stm32f4xx_it.o(i.SVC_Handler)
    i.StateMachine_Init                      0x080040e0   Section        0  stamachine.o(i.StateMachine_Init)
    i.StateMachine_Update                    0x080040ec   Section        0  stamachine.o(i.StateMachine_Update)
    i.SysTick_Handler                        0x080047ac   Section        0  stm32f4xx_it.o(i.SysTick_Handler)
    i.SystemClock_Config                     0x080047b0   Section        0  main.o(i.SystemClock_Config)
    i.SystemInit                             0x08004840   Section        0  system_stm32f4xx.o(i.SystemInit)
    i.TIM6_DAC_IRQHandler                    0x08004850   Section        0  stm32f4xx_it.o(i.TIM6_DAC_IRQHandler)
    i.TIM_Base_SetConfig                     0x0800485c   Section        0  stm32f4xx_hal_tim.o(i.TIM_Base_SetConfig)
    i.UART5_IRQHandler                       0x08004934   Section        0  stm32f4xx_it.o(i.UART5_IRQHandler)
    i.UART_DMAAbortOnError                   0x08004940   Section        0  stm32f4xx_hal_uart.o(i.UART_DMAAbortOnError)
    UART_DMAAbortOnError                     0x08004941   Thumb Code    16  stm32f4xx_hal_uart.o(i.UART_DMAAbortOnError)
    i.UART_DMAError                          0x08004950   Section        0  stm32f4xx_hal_uart.o(i.UART_DMAError)
    UART_DMAError                            0x08004951   Thumb Code    74  stm32f4xx_hal_uart.o(i.UART_DMAError)
    i.UART_DMAReceiveCplt                    0x0800499a   Section        0  stm32f4xx_hal_uart.o(i.UART_DMAReceiveCplt)
    UART_DMAReceiveCplt                      0x0800499b   Thumb Code   134  stm32f4xx_hal_uart.o(i.UART_DMAReceiveCplt)
    i.UART_DMARxHalfCplt                     0x08004a20   Section        0  stm32f4xx_hal_uart.o(i.UART_DMARxHalfCplt)
    UART_DMARxHalfCplt                       0x08004a21   Thumb Code    30  stm32f4xx_hal_uart.o(i.UART_DMARxHalfCplt)
    i.UART_DMATransmitCplt                   0x08004a3e   Section        0  stm32f4xx_hal_uart.o(i.UART_DMATransmitCplt)
    UART_DMATransmitCplt                     0x08004a3f   Thumb Code    66  stm32f4xx_hal_uart.o(i.UART_DMATransmitCplt)
    i.UART_DMATxHalfCplt                     0x08004a80   Section        0  stm32f4xx_hal_uart.o(i.UART_DMATxHalfCplt)
    UART_DMATxHalfCplt                       0x08004a81   Thumb Code    10  stm32f4xx_hal_uart.o(i.UART_DMATxHalfCplt)
    i.UART_EndRxTransfer                     0x08004a8a   Section        0  stm32f4xx_hal_uart.o(i.UART_EndRxTransfer)
    UART_EndRxTransfer                       0x08004a8b   Thumb Code    78  stm32f4xx_hal_uart.o(i.UART_EndRxTransfer)
    i.UART_EndTxTransfer                     0x08004ad8   Section        0  stm32f4xx_hal_uart.o(i.UART_EndTxTransfer)
    UART_EndTxTransfer                       0x08004ad9   Thumb Code    28  stm32f4xx_hal_uart.o(i.UART_EndTxTransfer)
    i.UART_Receive_IT                        0x08004af4   Section        0  stm32f4xx_hal_uart.o(i.UART_Receive_IT)
    UART_Receive_IT                          0x08004af5   Thumb Code   194  stm32f4xx_hal_uart.o(i.UART_Receive_IT)
    i.UART_SetConfig                         0x08004bb8   Section        0  stm32f4xx_hal_uart.o(i.UART_SetConfig)
    UART_SetConfig                           0x08004bb9   Thumb Code   258  stm32f4xx_hal_uart.o(i.UART_SetConfig)
    i.UART_Start_Receive_DMA                 0x08004cc4   Section        0  stm32f4xx_hal_uart.o(i.UART_Start_Receive_DMA)
    i.UART_Start_Receive_IT                  0x08004d54   Section        0  stm32f4xx_hal_uart.o(i.UART_Start_Receive_IT)
    i.UART_WaitOnFlagUntilTimeout            0x08004d8a   Section        0  stm32f4xx_hal_uart.o(i.UART_WaitOnFlagUntilTimeout)
    UART_WaitOnFlagUntilTimeout              0x08004d8b   Thumb Code   114  stm32f4xx_hal_uart.o(i.UART_WaitOnFlagUntilTimeout)
    i.UI_Init                                0x08004dfc   Section        0  ui.o(i.UI_Init)
    i.UI_Receive_Data                        0x08004e1c   Section        0  ui.o(i.UI_Receive_Data)
    i.USART1_IRQHandler                      0x08004e60   Section        0  stm32f4xx_it.o(i.USART1_IRQHandler)
    i.USART2_IRQHandler                      0x08004e6c   Section        0  stm32f4xx_it.o(i.USART2_IRQHandler)
    i.USART3_IRQHandler                      0x08004e9c   Section        0  stm32f4xx_it.o(i.USART3_IRQHandler)
    i.UsageFault_Handler                     0x08004ea8   Section        0  stm32f4xx_it.o(i.UsageFault_Handler)
    i.Usart_SendAll                          0x08004eaa   Section        0  user_uart.o(i.Usart_SendAll)
    i.User_Uart_Init                         0x08004ed4   Section        0  user_uart.o(i.User_Uart_Init)
    i.__0printf                              0x08004f20   Section        0  printfa.o(i.__0printf)
    i.__0sprintf                             0x08004f40   Section        0  printfa.o(i.__0sprintf)
    i.__NVIC_SetPriority                     0x08004f68   Section        0  stm32f4xx_hal_cortex.o(i.__NVIC_SetPriority)
    __NVIC_SetPriority                       0x08004f69   Thumb Code    32  stm32f4xx_hal_cortex.o(i.__NVIC_SetPriority)
    i.__hardfp_sqrt                          0x08004f88   Section        0  sqrt.o(i.__hardfp_sqrt)
    i.__scatterload_copy                     0x08005002   Section       14  handlers.o(i.__scatterload_copy)
    i.__scatterload_null                     0x08005010   Section        2  handlers.o(i.__scatterload_null)
    i.__scatterload_zeroinit                 0x08005012   Section       14  handlers.o(i.__scatterload_zeroinit)
    i.__set_errno                            0x08005020   Section        0  errno.o(i.__set_errno)
    i._fp_digits                             0x0800502c   Section        0  printfa.o(i._fp_digits)
    _fp_digits                               0x0800502d   Thumb Code   366  printfa.o(i._fp_digits)
    i._printf_core                           0x080051b0   Section        0  printfa.o(i._printf_core)
    _printf_core                             0x080051b1   Thumb Code  1704  printfa.o(i._printf_core)
    i._printf_post_padding                   0x08005864   Section        0  printfa.o(i._printf_post_padding)
    _printf_post_padding                     0x08005865   Thumb Code    36  printfa.o(i._printf_post_padding)
    i._printf_pre_padding                    0x08005888   Section        0  printfa.o(i._printf_pre_padding)
    _printf_pre_padding                      0x08005889   Thumb Code    46  printfa.o(i._printf_pre_padding)
    i._sputc                                 0x080058b6   Section        0  printfa.o(i._sputc)
    _sputc                                   0x080058b7   Thumb Code    10  printfa.o(i._sputc)
    i.float2int32                            0x080058c0   Section        0  motor_ctrl.o(i.float2int32)
    i.fputc                                  0x080058d4   Section        0  main.o(i.fputc)
    i.main                                   0x080058ec   Section        0  main.o(i.main)
    .constdata                               0x08005958   Section        8  stm32f4xx_hal_dma.o(.constdata)
    flagBitshiftOffset                       0x08005958   Data           8  stm32f4xx_hal_dma.o(.constdata)
    .constdata                               0x08005960   Section       16  system_stm32f4xx.o(.constdata)
    .constdata                               0x08005970   Section        8  system_stm32f4xx.o(.constdata)
    .data                                    0x20000000   Section       12  stm32f4xx_hal.o(.data)
    .data                                    0x2000000c   Section        4  system_stm32f4xx.o(.data)
    .data                                    0x20000010   Section        5  stamachine.o(.data)
    currentState                             0x20000014   Data           1  stamachine.o(.data)
    .data                                    0x20000015   Section        3  ui.o(.data)
    .data                                    0x20000018   Section       14  jetson.o(.data)
    .data                                    0x20000026   Section        2  action.o(.data)
    put_to_map_state                         0x20000026   Data           1  action.o(.data)
    is_send_ok                               0x20000027   Data           1  action.o(.data)
    .data                                    0x20000028   Section       12  imu.o(.data)
    .data                                    0x20000034   Section       52  motor_ctrl.o(.data)
    RxCounter1                               0x20000037   Data           1  motor_ctrl.o(.data)
    RxState                                  0x20000038   Data           1  motor_ctrl.o(.data)
    Temp_State                               0x20000039   Data           1  motor_ctrl.o(.data)
    Temp_State                               0x2000003a   Data           1  motor_ctrl.o(.data)
    Stop_Counter                             0x2000003b   Data           1  motor_ctrl.o(.data)
    turn_state                               0x2000003c   Data           1  motor_ctrl.o(.data)
    Temp_State                               0x2000003d   Data           1  motor_ctrl.o(.data)
    Car_Now_X                                0x20000044   Data           4  motor_ctrl.o(.data)
    Car_Now_Y                                0x20000048   Data           4  motor_ctrl.o(.data)
    Alpha                                    0x2000004c   Data           4  motor_ctrl.o(.data)
    Motor_Kp                                 0x20000050   Data           4  motor_ctrl.o(.data)
    Motor_Kd                                 0x20000054   Data           4  motor_ctrl.o(.data)
    Last_Error                               0x20000058   Data           4  motor_ctrl.o(.data)
    Temp_Yaw                                 0x2000005c   Data           4  motor_ctrl.o(.data)
    Last_Yaw                                 0x20000060   Data           4  motor_ctrl.o(.data)
    Temp_Yaw                                 0x20000064   Data           4  motor_ctrl.o(.data)
    .data                                    0x20000068   Section        4  servo.o(.data)
    .data                                    0x2000006c   Section        1  delay.o(.data)
    fac_us                                   0x2000006c   Data           1  delay.o(.data)
    .data                                    0x20000070   Section       24  usr_tim.o(.data)
    .data                                    0x20000088   Section        1  user_uart.o(.data)
    .data                                    0x2000008c   Section        4  stdout.o(.data)
    .data                                    0x20000090   Section        4  errno.o(.data)
    _errno                                   0x20000090   Data           4  errno.o(.data)
    .bss                                     0x20000094   Section       18  jetson.o(.bss)
    .bss                                     0x200000a8   Section       72  tim.o(.bss)
    .bss                                     0x200000f0   Section      552  usart.o(.bss)
    .bss                                     0x20000318   Section       30  imu.o(.bss)
    .bss                                     0x20000336   Section       40  motor_ctrl.o(.bss)
    .bss                                     0x20000360   Section     1040  user_uart.o(.bss)
    STACK                                    0x20000770   Section     1024  startup_stm32f407xx.o(STACK)

    Global Symbols

    Symbol Name                              Value     Ov Type        Size  Object(Section)

    BuildAttributes$$THM_ISAv4$E$P$D$K$B$S$7EM$VFPi3$EXTD16$VFPS$VFMA$PE$A:L22UL41UL21$X:L11$S22US41US21$IEEE1$IW$USESV6$~STKCKD$USESV7$~SHL$OTIME$ROPI$IEEEX$EBA8$MICROLIB$REQ8$PRES8$EABIv2 0x00000000   Number         0  anon$$obj.o ABSOLUTE
    __ARM_use_no_argv                        0x00000000   Number         0  main.o ABSOLUTE
    _printf_a                                0x00000000   Number         0  stubs.o ABSOLUTE
    _printf_c                                0x00000000   Number         0  stubs.o ABSOLUTE
    _printf_charcount                        0x00000000   Number         0  stubs.o ABSOLUTE
    _printf_d                                0x00000000   Number         0  stubs.o ABSOLUTE
    _printf_e                                0x00000000   Number         0  stubs.o ABSOLUTE
    _printf_f                                0x00000000   Number         0  stubs.o ABSOLUTE
    _printf_flags                            0x00000000   Number         0  stubs.o ABSOLUTE
    _printf_fp_dec                           0x00000000   Number         0  stubs.o ABSOLUTE
    _printf_fp_hex                           0x00000000   Number         0  stubs.o ABSOLUTE
    _printf_g                                0x00000000   Number         0  stubs.o ABSOLUTE
    _printf_i                                0x00000000   Number         0  stubs.o ABSOLUTE
    _printf_int_dec                          0x00000000   Number         0  stubs.o ABSOLUTE
    _printf_l                                0x00000000   Number         0  stubs.o ABSOLUTE
    _printf_lc                               0x00000000   Number         0  stubs.o ABSOLUTE
    _printf_ll                               0x00000000   Number         0  stubs.o ABSOLUTE
    _printf_lld                              0x00000000   Number         0  stubs.o ABSOLUTE
    _printf_lli                              0x00000000   Number         0  stubs.o ABSOLUTE
    _printf_llo                              0x00000000   Number         0  stubs.o ABSOLUTE
    _printf_llu                              0x00000000   Number         0  stubs.o ABSOLUTE
    _printf_llx                              0x00000000   Number         0  stubs.o ABSOLUTE
    _printf_longlong_dec                     0x00000000   Number         0  stubs.o ABSOLUTE
    _printf_longlong_hex                     0x00000000   Number         0  stubs.o ABSOLUTE
    _printf_longlong_oct                     0x00000000   Number         0  stubs.o ABSOLUTE
    _printf_ls                               0x00000000   Number         0  stubs.o ABSOLUTE
    _printf_mbtowc                           0x00000000   Number         0  stubs.o ABSOLUTE
    _printf_n                                0x00000000   Number         0  stubs.o ABSOLUTE
    _printf_o                                0x00000000   Number         0  stubs.o ABSOLUTE
    _printf_p                                0x00000000   Number         0  stubs.o ABSOLUTE
    _printf_percent                          0x00000000   Number         0  stubs.o ABSOLUTE
    _printf_pre_padding                      0x00000000   Number         0  stubs.o ABSOLUTE
    _printf_return_value                     0x00000000   Number         0  stubs.o ABSOLUTE
    _printf_s                                0x00000000   Number         0  stubs.o ABSOLUTE
    _printf_sizespec                         0x00000000   Number         0  stubs.o ABSOLUTE
    _printf_str                              0x00000000   Number         0  stubs.o ABSOLUTE
    _printf_truncate_signed                  0x00000000   Number         0  stubs.o ABSOLUTE
    _printf_truncate_unsigned                0x00000000   Number         0  stubs.o ABSOLUTE
    _printf_u                                0x00000000   Number         0  stubs.o ABSOLUTE
    _printf_wc                               0x00000000   Number         0  stubs.o ABSOLUTE
    _printf_wctomb                           0x00000000   Number         0  stubs.o ABSOLUTE
    _printf_widthprec                        0x00000000   Number         0  stubs.o ABSOLUTE
    _printf_x                                0x00000000   Number         0  stubs.o ABSOLUTE
    __arm_fini_                               - Undefined Weak Reference
    __cpp_initialize__aeabi_                  - Undefined Weak Reference
    __cxa_finalize                            - Undefined Weak Reference
    __decompress                              - Undefined Weak Reference
    _clock_init                               - Undefined Weak Reference
    _microlib_exit                            - Undefined Weak Reference
    __Vectors_Size                           0x00000188   Number         0  startup_stm32f407xx.o ABSOLUTE
    __Vectors                                0x08000000   Data           4  startup_stm32f407xx.o(RESET)
    __Vectors_End                            0x08000188   Data           0  startup_stm32f407xx.o(RESET)
    __main                                   0x08000189   Thumb Code     0  entry.o(.ARM.Collect$$$$00000000)
    _main_stk                                0x08000189   Thumb Code     0  entry2.o(.ARM.Collect$$$$00000001)
    _main_scatterload                        0x0800018d   Thumb Code     0  entry5.o(.ARM.Collect$$$$00000004)
    __main_after_scatterload                 0x08000191   Thumb Code     0  entry5.o(.ARM.Collect$$$$00000004)
    _main_clock                              0x08000191   Thumb Code     0  entry7b.o(.ARM.Collect$$$$00000008)
    _main_cpp_init                           0x08000191   Thumb Code     0  entry8b.o(.ARM.Collect$$$$0000000A)
    _main_init                               0x08000191   Thumb Code     0  entry9a.o(.ARM.Collect$$$$0000000B)
    __rt_lib_shutdown_fini                   0x08000199   Thumb Code     0  entry12b.o(.ARM.Collect$$$$0000000E)
    __rt_final_cpp                           0x0800019d   Thumb Code     0  entry10a.o(.ARM.Collect$$$$0000000F)
    __rt_final_exit                          0x0800019d   Thumb Code     0  entry11a.o(.ARM.Collect$$$$00000011)
    Reset_Handler                            0x080001a1   Thumb Code     8  startup_stm32f407xx.o(.text)
    ADC_IRQHandler                           0x080001bb   Thumb Code     0  startup_stm32f407xx.o(.text)
    CAN1_RX0_IRQHandler                      0x080001bb   Thumb Code     0  startup_stm32f407xx.o(.text)
    CAN1_RX1_IRQHandler                      0x080001bb   Thumb Code     0  startup_stm32f407xx.o(.text)
    CAN1_SCE_IRQHandler                      0x080001bb   Thumb Code     0  startup_stm32f407xx.o(.text)
    CAN1_TX_IRQHandler                       0x080001bb   Thumb Code     0  startup_stm32f407xx.o(.text)
    CAN2_RX0_IRQHandler                      0x080001bb   Thumb Code     0  startup_stm32f407xx.o(.text)
    CAN2_RX1_IRQHandler                      0x080001bb   Thumb Code     0  startup_stm32f407xx.o(.text)
    CAN2_SCE_IRQHandler                      0x080001bb   Thumb Code     0  startup_stm32f407xx.o(.text)
    CAN2_TX_IRQHandler                       0x080001bb   Thumb Code     0  startup_stm32f407xx.o(.text)
    DCMI_IRQHandler                          0x080001bb   Thumb Code     0  startup_stm32f407xx.o(.text)
    DMA1_Stream0_IRQHandler                  0x080001bb   Thumb Code     0  startup_stm32f407xx.o(.text)
    DMA1_Stream1_IRQHandler                  0x080001bb   Thumb Code     0  startup_stm32f407xx.o(.text)
    DMA1_Stream2_IRQHandler                  0x080001bb   Thumb Code     0  startup_stm32f407xx.o(.text)
    DMA1_Stream3_IRQHandler                  0x080001bb   Thumb Code     0  startup_stm32f407xx.o(.text)
    DMA1_Stream4_IRQHandler                  0x080001bb   Thumb Code     0  startup_stm32f407xx.o(.text)
    DMA1_Stream7_IRQHandler                  0x080001bb   Thumb Code     0  startup_stm32f407xx.o(.text)
    DMA2_Stream0_IRQHandler                  0x080001bb   Thumb Code     0  startup_stm32f407xx.o(.text)
    DMA2_Stream1_IRQHandler                  0x080001bb   Thumb Code     0  startup_stm32f407xx.o(.text)
    DMA2_Stream2_IRQHandler                  0x080001bb   Thumb Code     0  startup_stm32f407xx.o(.text)
    DMA2_Stream3_IRQHandler                  0x080001bb   Thumb Code     0  startup_stm32f407xx.o(.text)
    DMA2_Stream4_IRQHandler                  0x080001bb   Thumb Code     0  startup_stm32f407xx.o(.text)
    DMA2_Stream5_IRQHandler                  0x080001bb   Thumb Code     0  startup_stm32f407xx.o(.text)
    DMA2_Stream6_IRQHandler                  0x080001bb   Thumb Code     0  startup_stm32f407xx.o(.text)
    DMA2_Stream7_IRQHandler                  0x080001bb   Thumb Code     0  startup_stm32f407xx.o(.text)
    ETH_IRQHandler                           0x080001bb   Thumb Code     0  startup_stm32f407xx.o(.text)
    ETH_WKUP_IRQHandler                      0x080001bb   Thumb Code     0  startup_stm32f407xx.o(.text)
    EXTI0_IRQHandler                         0x080001bb   Thumb Code     0  startup_stm32f407xx.o(.text)
    EXTI15_10_IRQHandler                     0x080001bb   Thumb Code     0  startup_stm32f407xx.o(.text)
    EXTI1_IRQHandler                         0x080001bb   Thumb Code     0  startup_stm32f407xx.o(.text)
    EXTI2_IRQHandler                         0x080001bb   Thumb Code     0  startup_stm32f407xx.o(.text)
    EXTI3_IRQHandler                         0x080001bb   Thumb Code     0  startup_stm32f407xx.o(.text)
    EXTI4_IRQHandler                         0x080001bb   Thumb Code     0  startup_stm32f407xx.o(.text)
    EXTI9_5_IRQHandler                       0x080001bb   Thumb Code     0  startup_stm32f407xx.o(.text)
    FLASH_IRQHandler                         0x080001bb   Thumb Code     0  startup_stm32f407xx.o(.text)
    FMC_IRQHandler                           0x080001bb   Thumb Code     0  startup_stm32f407xx.o(.text)
    HASH_RNG_IRQHandler                      0x080001bb   Thumb Code     0  startup_stm32f407xx.o(.text)
    I2C1_ER_IRQHandler                       0x080001bb   Thumb Code     0  startup_stm32f407xx.o(.text)
    I2C1_EV_IRQHandler                       0x080001bb   Thumb Code     0  startup_stm32f407xx.o(.text)
    I2C2_ER_IRQHandler                       0x080001bb   Thumb Code     0  startup_stm32f407xx.o(.text)
    I2C2_EV_IRQHandler                       0x080001bb   Thumb Code     0  startup_stm32f407xx.o(.text)
    I2C3_ER_IRQHandler                       0x080001bb   Thumb Code     0  startup_stm32f407xx.o(.text)
    I2C3_EV_IRQHandler                       0x080001bb   Thumb Code     0  startup_stm32f407xx.o(.text)
    OTG_FS_IRQHandler                        0x080001bb   Thumb Code     0  startup_stm32f407xx.o(.text)
    OTG_FS_WKUP_IRQHandler                   0x080001bb   Thumb Code     0  startup_stm32f407xx.o(.text)
    OTG_HS_EP1_IN_IRQHandler                 0x080001bb   Thumb Code     0  startup_stm32f407xx.o(.text)
    OTG_HS_EP1_OUT_IRQHandler                0x080001bb   Thumb Code     0  startup_stm32f407xx.o(.text)
    OTG_HS_IRQHandler                        0x080001bb   Thumb Code     0  startup_stm32f407xx.o(.text)
    OTG_HS_WKUP_IRQHandler                   0x080001bb   Thumb Code     0  startup_stm32f407xx.o(.text)
    PVD_IRQHandler                           0x080001bb   Thumb Code     0  startup_stm32f407xx.o(.text)
    RCC_IRQHandler                           0x080001bb   Thumb Code     0  startup_stm32f407xx.o(.text)
    RTC_Alarm_IRQHandler                     0x080001bb   Thumb Code     0  startup_stm32f407xx.o(.text)
    RTC_WKUP_IRQHandler                      0x080001bb   Thumb Code     0  startup_stm32f407xx.o(.text)
    SDIO_IRQHandler                          0x080001bb   Thumb Code     0  startup_stm32f407xx.o(.text)
    SPI1_IRQHandler                          0x080001bb   Thumb Code     0  startup_stm32f407xx.o(.text)
    SPI2_IRQHandler                          0x080001bb   Thumb Code     0  startup_stm32f407xx.o(.text)
    SPI3_IRQHandler                          0x080001bb   Thumb Code     0  startup_stm32f407xx.o(.text)
    TAMP_STAMP_IRQHandler                    0x080001bb   Thumb Code     0  startup_stm32f407xx.o(.text)
    TIM1_BRK_TIM9_IRQHandler                 0x080001bb   Thumb Code     0  startup_stm32f407xx.o(.text)
    TIM1_CC_IRQHandler                       0x080001bb   Thumb Code     0  startup_stm32f407xx.o(.text)
    TIM1_TRG_COM_TIM11_IRQHandler            0x080001bb   Thumb Code     0  startup_stm32f407xx.o(.text)
    TIM1_UP_TIM10_IRQHandler                 0x080001bb   Thumb Code     0  startup_stm32f407xx.o(.text)
    TIM2_IRQHandler                          0x080001bb   Thumb Code     0  startup_stm32f407xx.o(.text)
    TIM3_IRQHandler                          0x080001bb   Thumb Code     0  startup_stm32f407xx.o(.text)
    TIM4_IRQHandler                          0x080001bb   Thumb Code     0  startup_stm32f407xx.o(.text)
    TIM5_IRQHandler                          0x080001bb   Thumb Code     0  startup_stm32f407xx.o(.text)
    TIM7_IRQHandler                          0x080001bb   Thumb Code     0  startup_stm32f407xx.o(.text)
    TIM8_BRK_TIM12_IRQHandler                0x080001bb   Thumb Code     0  startup_stm32f407xx.o(.text)
    TIM8_CC_IRQHandler                       0x080001bb   Thumb Code     0  startup_stm32f407xx.o(.text)
    TIM8_TRG_COM_TIM14_IRQHandler            0x080001bb   Thumb Code     0  startup_stm32f407xx.o(.text)
    TIM8_UP_TIM13_IRQHandler                 0x080001bb   Thumb Code     0  startup_stm32f407xx.o(.text)
    UART4_IRQHandler                         0x080001bb   Thumb Code     0  startup_stm32f407xx.o(.text)
    USART6_IRQHandler                        0x080001bb   Thumb Code     0  startup_stm32f407xx.o(.text)
    WWDG_IRQHandler                          0x080001bb   Thumb Code     0  startup_stm32f407xx.o(.text)
    __aeabi_uldivmod                         0x080001c5   Thumb Code    98  uldiv.o(.text)
    __aeabi_memset                           0x08000227   Thumb Code    14  memseta.o(.text)
    __aeabi_memset4                          0x08000227   Thumb Code     0  memseta.o(.text)
    __aeabi_memset8                          0x08000227   Thumb Code     0  memseta.o(.text)
    __aeabi_memclr                           0x08000235   Thumb Code     4  memseta.o(.text)
    __aeabi_memclr4                          0x08000235   Thumb Code     0  memseta.o(.text)
    __aeabi_memclr8                          0x08000235   Thumb Code     0  memseta.o(.text)
    _memset$wrapper                          0x08000239   Thumb Code    18  memseta.o(.text)
    __aeabi_dadd                             0x0800024b   Thumb Code   322  dadd.o(.text)
    __aeabi_dsub                             0x0800038d   Thumb Code     6  dadd.o(.text)
    __aeabi_drsub                            0x08000393   Thumb Code     6  dadd.o(.text)
    __aeabi_dmul                             0x08000399   Thumb Code   228  dmul.o(.text)
    __aeabi_ddiv                             0x0800047d   Thumb Code   222  ddiv.o(.text)
    __aeabi_i2d                              0x0800055b   Thumb Code    34  dflti.o(.text)
    __aeabi_f2d                              0x0800057d   Thumb Code    38  f2d.o(.text)
    __aeabi_d2f                              0x080005a3   Thumb Code    56  d2f.o(.text)
    __aeabi_uidiv                            0x080005db   Thumb Code     0  uidiv.o(.text)
    __aeabi_uidivmod                         0x080005db   Thumb Code    44  uidiv.o(.text)
    __aeabi_llsl                             0x08000607   Thumb Code    30  llshl.o(.text)
    _ll_shift_l                              0x08000607   Thumb Code     0  llshl.o(.text)
    __aeabi_llsr                             0x08000625   Thumb Code    32  llushr.o(.text)
    _ll_ushift_r                             0x08000625   Thumb Code     0  llushr.o(.text)
    __aeabi_lasr                             0x08000645   Thumb Code    36  llsshr.o(.text)
    _ll_sshift_r                             0x08000645   Thumb Code     0  llsshr.o(.text)
    __I$use$fp                               0x08000669   Thumb Code     0  iusefp.o(.text)
    _float_round                             0x08000669   Thumb Code    18  fepilogue.o(.text)
    _float_epilogue                          0x0800067b   Thumb Code    92  fepilogue.o(.text)
    _double_round                            0x080006d7   Thumb Code    30  depilogue.o(.text)
    _double_epilogue                         0x080006f5   Thumb Code   156  depilogue.o(.text)
    _dsqrt                                   0x08000791   Thumb Code   162  dsqrt.o(.text)
    __aeabi_d2ulz                            0x08000833   Thumb Code    48  dfixul.o(.text)
    __aeabi_cdrcmple                         0x08000865   Thumb Code    48  cdrcmple.o(.text)
    __scatterload                            0x08000895   Thumb Code    28  init.o(.text)
    __scatterload_rt2                        0x08000895   Thumb Code     0  init.o(.text)
    Action_Catch_Obj_To_ZhuanPan             0x080008b9   Thumb Code   176  action.o(i.Action_Catch_Obj_To_ZhuanPan)
    Action_Get_Obj_From_Map                  0x0800096d   Thumb Code   140  action.o(i.Action_Get_Obj_From_Map)
    Action_Put_Obj_To_Map                    0x080009f9   Thumb Code   146  action.o(i.Action_Put_Obj_To_Map)
    Action_Put_Obj_To_Map_123                0x08000a8d   Thumb Code   218  action.o(i.Action_Put_Obj_To_Map_123)
    Action_Put_Obj_To_Map_132                0x08000b7d   Thumb Code   290  action.o(i.Action_Put_Obj_To_Map_132)
    Action_Put_Obj_To_Map_213                0x08000ce1   Thumb Code   308  action.o(i.Action_Put_Obj_To_Map_213)
    Action_Put_Obj_To_Map_231                0x08000e45   Thumb Code   280  action.o(i.Action_Put_Obj_To_Map_231)
    Action_Put_Obj_To_Map_312                0x08000f91   Thumb Code   264  action.o(i.Action_Put_Obj_To_Map_312)
    Action_Put_Obj_To_Map_321                0x080010cd   Thumb Code   226  action.o(i.Action_Put_Obj_To_Map_321)
    Action_Put_Obj_To_Map_321_Tempstore      0x080011c1   Thumb Code   214  action.o(i.Action_Put_Obj_To_Map_321_Tempstore)
    Backward                                 0x080012a9   Thumb Code    24  servo.o(i.Backward)
    BusFault_Handler                         0x080012c9   Thumb Code     2  stm32f4xx_it.o(i.BusFault_Handler)
    Car_Calibration                          0x080012cd   Thumb Code   462  motor_ctrl.o(i.Car_Calibration)
    Car_Go_Target                            0x080014e1   Thumb Code   272  motor_ctrl.o(i.Car_Go_Target)
    Car_Turn                                 0x080015fd   Thumb Code    74  motor_ctrl.o(i.Car_Turn)
    Car_Turn_NoUse_IMU                       0x0800164d   Thumb Code   336  motor_ctrl.o(i.Car_Turn_NoUse_IMU)
    Car_Turn_Use_IMU                         0x080017a1   Thumb Code   520  motor_ctrl.o(i.Car_Turn_Use_IMU)
    Crawl_Close                              0x080019e5   Thumb Code    24  servo.o(i.Crawl_Close)
    Crawl_Open                               0x08001a05   Thumb Code    24  servo.o(i.Crawl_Open)
    DMA1_Stream5_IRQHandler                  0x08001a21   Thumb Code     6  stm32f4xx_it.o(i.DMA1_Stream5_IRQHandler)
    DMA1_Stream6_IRQHandler                  0x08001a2d   Thumb Code     6  stm32f4xx_it.o(i.DMA1_Stream6_IRQHandler)
    DebugMon_Handler                         0x08001add   Thumb Code     2  stm32f4xx_it.o(i.DebugMon_Handler)
    Delay_ms                                 0x08001ae1   Thumb Code    54  delay.o(i.Delay_ms)
    Delay_us                                 0x08001b1d   Thumb Code    48  delay.o(i.Delay_us)
    Error_Handler                            0x08001b51   Thumb Code     4  main.o(i.Error_Handler)
    FPU_IRQHandler                           0x08001b55   Thumb Code     2  stm32f4xx_it.o(i.FPU_IRQHandler)
    FSUS_CalcChecksum                        0x08001b57   Thumb Code    44  fashion_star_uart_servo.o(i.FSUS_CalcChecksum)
    FSUS_Package2RingBuffer                  0x08001b83   Thumb Code    58  fashion_star_uart_servo.o(i.FSUS_Package2RingBuffer)
    FSUS_QueryServoAngle                     0x08001bbd   Thumb Code    78  fashion_star_uart_servo.o(i.FSUS_QueryServoAngle)
    FSUS_QueryServoAngleMTurn                0x08001c15   Thumb Code    94  fashion_star_uart_servo.o(i.FSUS_QueryServoAngleMTurn)
    FSUS_RecvPackage                         0x08001c7d   Thumb Code   262  fashion_star_uart_servo.o(i.FSUS_RecvPackage)
    FSUS_SendPackage                         0x08001d83   Thumb Code    56  fashion_star_uart_servo.o(i.FSUS_SendPackage)
    FSUS_SetServoAngle                       0x08001dbd   Thumb Code   156  fashion_star_uart_servo.o(i.FSUS_SetServoAngle)
    FSUS_Wait                                0x08001e69   Thumb Code    96  fashion_star_uart_servo.o(i.FSUS_Wait)
    Forward                                  0x08001ec9   Thumb Code    24  servo.o(i.Forward)
    HAL_DMA_Abort                            0x08001ee9   Thumb Code   146  stm32f4xx_hal_dma.o(i.HAL_DMA_Abort)
    HAL_DMA_Abort_IT                         0x08001f7b   Thumb Code    36  stm32f4xx_hal_dma.o(i.HAL_DMA_Abort_IT)
    HAL_DMA_IRQHandler                       0x08001fa1   Thumb Code   412  stm32f4xx_hal_dma.o(i.HAL_DMA_IRQHandler)
    HAL_DMA_Init                             0x08002141   Thumb Code   206  stm32f4xx_hal_dma.o(i.HAL_DMA_Init)
    HAL_DMA_Start_IT                         0x08002215   Thumb Code   110  stm32f4xx_hal_dma.o(i.HAL_DMA_Start_IT)
    HAL_Delay                                0x08002285   Thumb Code    32  stm32f4xx_hal.o(i.HAL_Delay)
    HAL_GPIO_Init                            0x080022a9   Thumb Code   450  stm32f4xx_hal_gpio.o(i.HAL_GPIO_Init)
    HAL_GetTick                              0x08002499   Thumb Code     6  stm32f4xx_hal.o(i.HAL_GetTick)
    HAL_IncTick                              0x080024a5   Thumb Code    12  stm32f4xx_hal.o(i.HAL_IncTick)
    HAL_Init                                 0x080024b5   Thumb Code    48  stm32f4xx_hal.o(i.HAL_Init)
    HAL_InitTick                             0x080024e9   Thumb Code    54  stm32f4xx_hal.o(i.HAL_InitTick)
    HAL_MspInit                              0x08002529   Thumb Code    60  stm32f4xx_hal_msp.o(i.HAL_MspInit)
    HAL_NVIC_EnableIRQ                       0x08002569   Thumb Code    26  stm32f4xx_hal_cortex.o(i.HAL_NVIC_EnableIRQ)
    HAL_NVIC_SetPriority                     0x08002585   Thumb Code    60  stm32f4xx_hal_cortex.o(i.HAL_NVIC_SetPriority)
    HAL_NVIC_SetPriorityGrouping             0x080025c5   Thumb Code    26  stm32f4xx_hal_cortex.o(i.HAL_NVIC_SetPriorityGrouping)
    HAL_RCC_ClockConfig                      0x080025e9   Thumb Code   288  stm32f4xx_hal_rcc.o(i.HAL_RCC_ClockConfig)
    HAL_RCC_GetPCLK1Freq                     0x0800271d   Thumb Code    20  stm32f4xx_hal_rcc.o(i.HAL_RCC_GetPCLK1Freq)
    HAL_RCC_GetPCLK2Freq                     0x0800273d   Thumb Code    20  stm32f4xx_hal_rcc.o(i.HAL_RCC_GetPCLK2Freq)
    HAL_RCC_GetSysClockFreq                  0x0800275d   Thumb Code    88  stm32f4xx_hal_rcc.o(i.HAL_RCC_GetSysClockFreq)
    HAL_RCC_OscConfig                        0x080027bd   Thumb Code   856  stm32f4xx_hal_rcc.o(i.HAL_RCC_OscConfig)
    HAL_SYSTICK_Config                       0x08002b29   Thumb Code    40  stm32f4xx_hal_cortex.o(i.HAL_SYSTICK_Config)
    HAL_TIMEx_BreakCallback                  0x08002b51   Thumb Code     2  stm32f4xx_hal_tim_ex.o(i.HAL_TIMEx_BreakCallback)
    HAL_TIMEx_CommutCallback                 0x08002b53   Thumb Code     2  stm32f4xx_hal_tim_ex.o(i.HAL_TIMEx_CommutCallback)
    HAL_TIMEx_MasterConfigSynchronization    0x08002b55   Thumb Code   116  stm32f4xx_hal_tim_ex.o(i.HAL_TIMEx_MasterConfigSynchronization)
    HAL_TIM_Base_Init                        0x08002be5   Thumb Code    90  stm32f4xx_hal_tim.o(i.HAL_TIM_Base_Init)
    HAL_TIM_Base_MspInit                     0x08002c41   Thumb Code    50  tim.o(i.HAL_TIM_Base_MspInit)
    HAL_TIM_Base_Start_IT                    0x08002c7d   Thumb Code   100  stm32f4xx_hal_tim.o(i.HAL_TIM_Base_Start_IT)
    HAL_TIM_IC_CaptureCallback               0x08002cfd   Thumb Code     2  stm32f4xx_hal_tim.o(i.HAL_TIM_IC_CaptureCallback)
    HAL_TIM_IRQHandler                       0x08002cff   Thumb Code   304  stm32f4xx_hal_tim.o(i.HAL_TIM_IRQHandler)
    HAL_TIM_OC_DelayElapsedCallback          0x08002e2f   Thumb Code     2  stm32f4xx_hal_tim.o(i.HAL_TIM_OC_DelayElapsedCallback)
    HAL_TIM_PWM_PulseFinishedCallback        0x08002e31   Thumb Code     2  stm32f4xx_hal_tim.o(i.HAL_TIM_PWM_PulseFinishedCallback)
    HAL_TIM_PeriodElapsedCallback            0x08002e35   Thumb Code   122  usr_tim.o(i.HAL_TIM_PeriodElapsedCallback)
    HAL_TIM_TriggerCallback                  0x08002ec1   Thumb Code     2  stm32f4xx_hal_tim.o(i.HAL_TIM_TriggerCallback)
    HAL_UARTEx_RxEventCallback               0x08002ec3   Thumb Code     2  stm32f4xx_hal_uart.o(i.HAL_UARTEx_RxEventCallback)
    HAL_UART_DMAStop                         0x08002ec5   Thumb Code   112  stm32f4xx_hal_uart.o(i.HAL_UART_DMAStop)
    HAL_UART_ErrorCallback                   0x08002f35   Thumb Code     2  stm32f4xx_hal_uart.o(i.HAL_UART_ErrorCallback)
    HAL_UART_IRQHandler                      0x08002f39   Thumb Code   618  stm32f4xx_hal_uart.o(i.HAL_UART_IRQHandler)
    HAL_UART_Init                            0x080031a9   Thumb Code   100  stm32f4xx_hal_uart.o(i.HAL_UART_Init)
    HAL_UART_MspInit                         0x0800320d   Thumb Code   546  usart.o(i.HAL_UART_MspInit)
    HAL_UART_Receive_DMA                     0x08003461   Thumb Code    28  stm32f4xx_hal_uart.o(i.HAL_UART_Receive_DMA)
    HAL_UART_Receive_IT                      0x0800347d   Thumb Code    28  stm32f4xx_hal_uart.o(i.HAL_UART_Receive_IT)
    HAL_UART_RxCpltCallback                  0x08003499   Thumb Code    84  stm32f4xx_it.o(i.HAL_UART_RxCpltCallback)
    HAL_UART_RxCpltCallback_Servo            0x08003505   Thumb Code    40  user_uart.o(i.HAL_UART_RxCpltCallback_Servo)
    HAL_UART_RxHalfCpltCallback              0x08003535   Thumb Code     2  stm32f4xx_hal_uart.o(i.HAL_UART_RxHalfCpltCallback)
    HAL_UART_Transmit                        0x08003537   Thumb Code   160  stm32f4xx_hal_uart.o(i.HAL_UART_Transmit)
    HAL_UART_Transmit_DMA                    0x080035d9   Thumb Code   106  stm32f4xx_hal_uart.o(i.HAL_UART_Transmit_DMA)
    HAL_UART_TxCpltCallback                  0x08003651   Thumb Code     2  stm32f4xx_hal_uart.o(i.HAL_UART_TxCpltCallback)
    HAL_UART_TxHalfCpltCallback              0x08003653   Thumb Code     2  stm32f4xx_hal_uart.o(i.HAL_UART_TxHalfCpltCallback)
    HardFault_Handler                        0x08003655   Thumb Code     2  stm32f4xx_it.o(i.HardFault_Handler)
    HuaGui_Fang_To_Map                       0x08003659   Thumb Code    30  motor_ctrl.o(i.HuaGui_Fang_To_Map)
    HuaGui_Get_From_Map                      0x0800367d   Thumb Code    30  motor_ctrl.o(i.HuaGui_Get_From_Map)
    HuaGui_UP                                0x080036a1   Thumb Code    28  motor_ctrl.o(i.HuaGui_UP)
    HuaGui_ZaiWu                             0x080036c1   Thumb Code    30  motor_ctrl.o(i.HuaGui_ZaiWu)
    HuaGui_ZhuanPan                          0x080036e5   Thumb Code    30  motor_ctrl.o(i.HuaGui_ZhuanPan)
    IMU_Data_Init                            0x08003709   Thumb Code    46  imu.o(i.IMU_Data_Init)
    IMU_Data_Proc                            0x08003749   Thumb Code   132  imu.o(i.IMU_Data_Proc)
    Jetson_Init                              0x080037f9   Thumb Code    22  jetson.o(i.Jetson_Init)
    Jetson_Receive_Data                      0x08003819   Thumb Code   242  jetson.o(i.Jetson_Receive_Data)
    Jetson_Send                              0x08003945   Thumb Code    64  jetson.o(i.Jetson_Send)
    Location_First                           0x0800398d   Thumb Code    24  servo.o(i.Location_First)
    Location_Second                          0x080039ad   Thumb Code    24  servo.o(i.Location_Second)
    Location_Third                           0x080039cd   Thumb Code    24  servo.o(i.Location_Third)
    MX_DMA_Init                              0x080039ed   Thumb Code    56  dma.o(i.MX_DMA_Init)
    MX_GPIO_Init                             0x08003a29   Thumb Code    86  gpio.o(i.MX_GPIO_Init)
    MX_TIM6_Init                             0x08003a85   Thumb Code    62  tim.o(i.MX_TIM6_Init)
    MX_UART4_Init                            0x08003acd   Thumb Code    48  usart.o(i.MX_UART4_Init)
    MX_UART5_Init                            0x08003b05   Thumb Code    48  usart.o(i.MX_UART5_Init)
    MX_USART1_UART_Init                      0x08003b3d   Thumb Code    48  usart.o(i.MX_USART1_UART_Init)
    MX_USART2_UART_Init                      0x08003b75   Thumb Code    48  usart.o(i.MX_USART2_UART_Init)
    MX_USART3_UART_Init                      0x08003bad   Thumb Code    48  usart.o(i.MX_USART3_UART_Init)
    MemManage_Handler                        0x08003be5   Thumb Code     2  stm32f4xx_it.o(i.MemManage_Handler)
    Motor_Enable                             0x08003be9   Thumb Code    48  motor_ctrl.o(i.Motor_Enable)
    Motor_Enable_All                         0x08003c21   Thumb Code    36  motor_ctrl.o(i.Motor_Enable_All)
    Motor_Init                               0x08003c45   Thumb Code    68  motor_ctrl.o(i.Motor_Init)
    Motor_Receive_Data                       0x08003c91   Thumb Code   226  motor_ctrl.o(i.Motor_Receive_Data)
    Motor_Reset                              0x08003d7d   Thumb Code    82  motor_ctrl.o(i.Motor_Reset)
    Motor_Run                                0x08003dd9   Thumb Code    32  motor_ctrl.o(i.Motor_Run)
    Motor_SetPosition                        0x08003e01   Thumb Code   118  motor_ctrl.o(i.Motor_SetPosition)
    Motor_SetPosition_A                      0x08003e85   Thumb Code   150  motor_ctrl.o(i.Motor_SetPosition_A)
    Motor_SetSpeed                           0x08003f29   Thumb Code    78  motor_ctrl.o(i.Motor_SetSpeed)
    My_ABS                                   0x08003f81   Thumb Code     8  motor_ctrl.o(i.My_ABS)
    NMI_Handler                              0x08003f89   Thumb Code     2  stm32f4xx_it.o(i.NMI_Handler)
    PendSV_Handler                           0x08003f8b   Thumb Code     2  stm32f4xx_it.o(i.PendSV_Handler)
    RingBuffer_GetByteFree                   0x08003f8d   Thumb Code    16  ring_buffer.o(i.RingBuffer_GetByteFree)
    RingBuffer_GetByteUsed                   0x08003f9d   Thumb Code    22  ring_buffer.o(i.RingBuffer_GetByteUsed)
    RingBuffer_GetChecksum                   0x08003fb3   Thumb Code    38  ring_buffer.o(i.RingBuffer_GetChecksum)
    RingBuffer_GetValueByIndex               0x08003fd9   Thumb Code    42  ring_buffer.o(i.RingBuffer_GetValueByIndex)
    RingBuffer_Init                          0x08004003   Thumb Code    32  ring_buffer.o(i.RingBuffer_Init)
    RingBuffer_IsEmpty                       0x08004023   Thumb Code    26  ring_buffer.o(i.RingBuffer_IsEmpty)
    RingBuffer_IsFull                        0x0800403d   Thumb Code    16  ring_buffer.o(i.RingBuffer_IsFull)
    RingBuffer_Pop                           0x0800404d   Thumb Code    42  ring_buffer.o(i.RingBuffer_Pop)
    RingBuffer_Push                          0x08004077   Thumb Code    42  ring_buffer.o(i.RingBuffer_Push)
    RingBuffer_ReadByte                      0x080040a1   Thumb Code     4  ring_buffer.o(i.RingBuffer_ReadByte)
    RingBuffer_WriteByte                     0x080040a5   Thumb Code     4  ring_buffer.o(i.RingBuffer_WriteByte)
    RingBuffer_WriteByteArray                0x080040a9   Thumb Code    30  ring_buffer.o(i.RingBuffer_WriteByteArray)
    RingBuffer_WriteShort                    0x080040c7   Thumb Code    12  ring_buffer.o(i.RingBuffer_WriteShort)
    RingBuffer_WriteUShort                   0x080040d3   Thumb Code    12  ring_buffer.o(i.RingBuffer_WriteUShort)
    SVC_Handler                              0x080040df   Thumb Code     2  stm32f4xx_it.o(i.SVC_Handler)
    StateMachine_Init                        0x080040e1   Thumb Code     8  stamachine.o(i.StateMachine_Init)
    StateMachine_Update                      0x080040ed   Thumb Code  1674  stamachine.o(i.StateMachine_Update)
    SysTick_Handler                          0x080047ad   Thumb Code     4  stm32f4xx_it.o(i.SysTick_Handler)
    SystemClock_Config                       0x080047b1   Thumb Code   134  main.o(i.SystemClock_Config)
    SystemInit                               0x08004841   Thumb Code    12  system_stm32f4xx.o(i.SystemInit)
    TIM6_DAC_IRQHandler                      0x08004851   Thumb Code     6  stm32f4xx_it.o(i.TIM6_DAC_IRQHandler)
    TIM_Base_SetConfig                       0x0800485d   Thumb Code   170  stm32f4xx_hal_tim.o(i.TIM_Base_SetConfig)
    UART5_IRQHandler                         0x08004935   Thumb Code     6  stm32f4xx_it.o(i.UART5_IRQHandler)
    UART_Start_Receive_DMA                   0x08004cc5   Thumb Code   130  stm32f4xx_hal_uart.o(i.UART_Start_Receive_DMA)
    UART_Start_Receive_IT                    0x08004d55   Thumb Code    54  stm32f4xx_hal_uart.o(i.UART_Start_Receive_IT)
    UI_Init                                  0x08004dfd   Thumb Code    22  ui.o(i.UI_Init)
    UI_Receive_Data                          0x08004e1d   Thumb Code    60  ui.o(i.UI_Receive_Data)
    USART1_IRQHandler                        0x08004e61   Thumb Code     6  stm32f4xx_it.o(i.USART1_IRQHandler)
    USART2_IRQHandler                        0x08004e6d   Thumb Code    40  stm32f4xx_it.o(i.USART2_IRQHandler)
    USART3_IRQHandler                        0x08004e9d   Thumb Code     6  stm32f4xx_it.o(i.USART3_IRQHandler)
    UsageFault_Handler                       0x08004ea9   Thumb Code     2  stm32f4xx_it.o(i.UsageFault_Handler)
    Usart_SendAll                            0x08004eab   Thumb Code    40  user_uart.o(i.Usart_SendAll)
    User_Uart_Init                           0x08004ed5   Thumb Code    60  user_uart.o(i.User_Uart_Init)
    __0printf                                0x08004f21   Thumb Code    22  printfa.o(i.__0printf)
    __1printf                                0x08004f21   Thumb Code     0  printfa.o(i.__0printf)
    __2printf                                0x08004f21   Thumb Code     0  printfa.o(i.__0printf)
    __c89printf                              0x08004f21   Thumb Code     0  printfa.o(i.__0printf)
    printf                                   0x08004f21   Thumb Code     0  printfa.o(i.__0printf)
    __0sprintf                               0x08004f41   Thumb Code    34  printfa.o(i.__0sprintf)
    __1sprintf                               0x08004f41   Thumb Code     0  printfa.o(i.__0sprintf)
    __2sprintf                               0x08004f41   Thumb Code     0  printfa.o(i.__0sprintf)
    __c89sprintf                             0x08004f41   Thumb Code     0  printfa.o(i.__0sprintf)
    sprintf                                  0x08004f41   Thumb Code     0  printfa.o(i.__0sprintf)
    __hardfp_sqrt                            0x08004f89   Thumb Code   122  sqrt.o(i.__hardfp_sqrt)
    __scatterload_copy                       0x08005003   Thumb Code    14  handlers.o(i.__scatterload_copy)
    __scatterload_null                       0x08005011   Thumb Code     2  handlers.o(i.__scatterload_null)
    __scatterload_zeroinit                   0x08005013   Thumb Code    14  handlers.o(i.__scatterload_zeroinit)
    __set_errno                              0x08005021   Thumb Code     6  errno.o(i.__set_errno)
    float2int32                              0x080058c1   Thumb Code    18  motor_ctrl.o(i.float2int32)
    fputc                                    0x080058d5   Thumb Code    20  main.o(i.fputc)
    main                                     0x080058ed   Thumb Code    94  main.o(i.main)
    AHBPrescTable                            0x08005960   Data          16  system_stm32f4xx.o(.constdata)
    APBPrescTable                            0x08005970   Data           8  system_stm32f4xx.o(.constdata)
    Region$$Table$$Base                      0x08005978   Number         0  anon$$obj.o(Region$$Table)
    Region$$Table$$Limit                     0x08005998   Number         0  anon$$obj.o(Region$$Table)
    uwTickFreq                               0x20000000   Data           1  stm32f4xx_hal.o(.data)
    uwTickPrio                               0x20000004   Data           4  stm32f4xx_hal.o(.data)
    uwTick                                   0x20000008   Data           4  stm32f4xx_hal.o(.data)
    SystemCoreClock                          0x2000000c   Data           4  system_stm32f4xx.o(.data)
    ready_flag                               0x20000010   Data           1  stamachine.o(.data)
    running_flag                             0x20000011   Data           1  stamachine.o(.data)
    is_turning                               0x20000012   Data           1  stamachine.o(.data)
    is_wait_jetson_grab                      0x20000013   Data           1  stamachine.o(.data)
    uiRx                                     0x20000015   Data           1  ui.o(.data)
    uiRxCNT                                  0x20000016   Data           1  ui.o(.data)
    uiValue                                  0x20000017   Data           1  ui.o(.data)
    JetsonRxCNT                              0x20000018   Data           1  jetson.o(.data)
    value                                    0x20000019   Data           1  jetson.o(.data)
    coord_array                              0x2000001a   Data           4  jetson.o(.data)
    QRCodeString                             0x2000001e   Data           8  jetson.o(.data)
    End_flag                                 0x20000028   Data           1  imu.o(.data)
    raw_YawAngle                             0x2000002c   Data           4  imu.o(.data)
    YawAngle                                 0x20000030   Data           4  imu.o(.data)
    Stop_Flag_Car                            0x20000034   Data           1  motor_ctrl.o(.data)
    HuaGui_Motor_State                       0x20000035   Data           1  motor_ctrl.o(.data)
    Stop_Flag_HuaGui                         0x20000036   Data           1  motor_ctrl.o(.data)
    uart3_rxbuff                             0x2000003e   Data           1  motor_ctrl.o(.data)
    Motor_HuaGui_Current                     0x20000040   Data           2  motor_ctrl.o(.data)
    servo_usart                              0x20000068   Data           4  servo.o(.data)
    Counter_Enable                           0x20000070   Data           1  usr_tim.o(.data)
    Car_Counter_Enable                       0x20000071   Data           1  usr_tim.o(.data)
    flag                                     0x20000072   Data           1  usr_tim.o(.data)
    Counter                                  0x20000074   Data           2  usr_tim.o(.data)
    Counter_Times                            0x20000076   Data           2  usr_tim.o(.data)
    Car_Counter_Times                        0x20000078   Data           2  usr_tim.o(.data)
    Car_Counter                              0x2000007a   Data           2  usr_tim.o(.data)
    u10ms                                    0x2000007c   Data           2  usr_tim.o(.data)
    Yaw_Compensate                           0x20000080   Data           8  usr_tim.o(.data)
    rc1                                      0x20000088   Data           1  user_uart.o(.data)
    __stdout                                 0x2000008c   Data           4  stdout.o(.data)
    JetsonRx                                 0x20000094   Data           9  jetson.o(.bss)
    Send_Data_Jetson                         0x2000009d   Data           9  jetson.o(.bss)
    htim6                                    0x200000a8   Data          72  tim.o(.bss)
    huart4                                   0x200000f0   Data          72  usart.o(.bss)
    huart5                                   0x20000138   Data          72  usart.o(.bss)
    huart1                                   0x20000180   Data          72  usart.o(.bss)
    huart2                                   0x200001c8   Data          72  usart.o(.bss)
    huart3                                   0x20000210   Data          72  usart.o(.bss)
    hdma_usart2_rx                           0x20000258   Data          96  usart.o(.bss)
    hdma_usart2_tx                           0x200002b8   Data          96  usart.o(.bss)
    DMA_buf                                  0x20000318   Data          30  imu.o(.bss)
    RxBuffer3                                0x20000336   Data          20  motor_ctrl.o(.bss)
    Send_Data                                0x2000034a   Data          20  motor_ctrl.o(.bss)
    UsartSendBuf                             0x20000360   Data         501  user_uart.o(.bss)
    UsartRecvBuf                             0x20000555   Data         501  user_uart.o(.bss)
    UsartSendRingBuf                         0x2000074c   Data          12  user_uart.o(.bss)
    UsartRecvRingBuf                         0x20000758   Data          12  user_uart.o(.bss)
    FSUS_Usart                               0x20000764   Data          12  user_uart.o(.bss)
    __initial_sp                             0x20000b70   Data           0  startup_stm32f407xx.o(STACK)



==============================================================================

Memory Map of the image

  Image Entry point : 0x08000189

  Load Region LR_IROM1 (Base: 0x08000000, Size: 0x00005a2c, Max: 0x00080000, ABSOLUTE)

    Execution Region ER_IROM1 (Exec base: 0x08000000, Load base: 0x08000000, Size: 0x00005998, Max: 0x00080000, ABSOLUTE)

    Exec Addr    Load Addr    Size         Type   Attr      Idx    E Section Name        Object

    0x08000000   0x08000000   0x00000188   Data   RO            3    RESET               startup_stm32f407xx.o
    0x08000188   0x08000188   0x00000000   Code   RO         4194  * .ARM.Collect$$$$00000000  mc_w.l(entry.o)
    0x08000188   0x08000188   0x00000004   Code   RO         4523    .ARM.Collect$$$$00000001  mc_w.l(entry2.o)
    0x0800018c   0x0800018c   0x00000004   Code   RO         4526    .ARM.Collect$$$$00000004  mc_w.l(entry5.o)
    0x08000190   0x08000190   0x00000000   Code   RO         4528    .ARM.Collect$$$$00000008  mc_w.l(entry7b.o)
    0x08000190   0x08000190   0x00000000   Code   RO         4530    .ARM.Collect$$$$0000000A  mc_w.l(entry8b.o)
    0x08000190   0x08000190   0x00000008   Code   RO         4531    .ARM.Collect$$$$0000000B  mc_w.l(entry9a.o)
    0x08000198   0x08000198   0x00000004   Code   RO         4538    .ARM.Collect$$$$0000000E  mc_w.l(entry12b.o)
    0x0800019c   0x0800019c   0x00000000   Code   RO         4533    .ARM.Collect$$$$0000000F  mc_w.l(entry10a.o)
    0x0800019c   0x0800019c   0x00000000   Code   RO         4535    .ARM.Collect$$$$00000011  mc_w.l(entry11a.o)
    0x0800019c   0x0800019c   0x00000004   Code   RO         4524    .ARM.Collect$$$$00002712  mc_w.l(entry2.o)
    0x080001a0   0x080001a0   0x00000024   Code   RO            4    .text               startup_stm32f407xx.o
    0x080001c4   0x080001c4   0x00000062   Code   RO         4197    .text               mc_w.l(uldiv.o)
    0x08000226   0x08000226   0x00000024   Code   RO         4199    .text               mc_w.l(memseta.o)
    0x0800024a   0x0800024a   0x0000014e   Code   RO         4490    .text               mf_w.l(dadd.o)
    0x08000398   0x08000398   0x000000e4   Code   RO         4492    .text               mf_w.l(dmul.o)
    0x0800047c   0x0800047c   0x000000de   Code   RO         4494    .text               mf_w.l(ddiv.o)
    0x0800055a   0x0800055a   0x00000022   Code   RO         4496    .text               mf_w.l(dflti.o)
    0x0800057c   0x0800057c   0x00000026   Code   RO         4502    .text               mf_w.l(f2d.o)
    0x080005a2   0x080005a2   0x00000038   Code   RO         4504    .text               mf_w.l(d2f.o)
    0x080005da   0x080005da   0x0000002c   Code   RO         4540    .text               mc_w.l(uidiv.o)
    0x08000606   0x08000606   0x0000001e   Code   RO         4542    .text               mc_w.l(llshl.o)
    0x08000624   0x08000624   0x00000020   Code   RO         4544    .text               mc_w.l(llushr.o)
    0x08000644   0x08000644   0x00000024   Code   RO         4546    .text               mc_w.l(llsshr.o)
    0x08000668   0x08000668   0x00000000   Code   RO         4561    .text               mc_w.l(iusefp.o)
    0x08000668   0x08000668   0x0000006e   Code   RO         4562    .text               mf_w.l(fepilogue.o)
    0x080006d6   0x080006d6   0x000000ba   Code   RO         4564    .text               mf_w.l(depilogue.o)
    0x08000790   0x08000790   0x000000a2   Code   RO         4568    .text               mf_w.l(dsqrt.o)
    0x08000832   0x08000832   0x00000030   Code   RO         4570    .text               mf_w.l(dfixul.o)
    0x08000862   0x08000862   0x00000002   PAD
    0x08000864   0x08000864   0x00000030   Code   RO         4574    .text               mf_w.l(cdrcmple.o)
    0x08000894   0x08000894   0x00000024   Code   RO         4576    .text               mc_w.l(init.o)
    0x080008b8   0x080008b8   0x000000b4   Code   RO         2820    i.Action_Catch_Obj_To_ZhuanPan  action.o
    0x0800096c   0x0800096c   0x0000008c   Code   RO         2821    i.Action_Get_Obj_From_Map  action.o
    0x080009f8   0x080009f8   0x00000092   Code   RO         2822    i.Action_Put_Obj_To_Map  action.o
    0x08000a8a   0x08000a8a   0x00000002   PAD
    0x08000a8c   0x08000a8c   0x000000f0   Code   RO         2823    i.Action_Put_Obj_To_Map_123  action.o
    0x08000b7c   0x08000b7c   0x00000164   Code   RO         2825    i.Action_Put_Obj_To_Map_132  action.o
    0x08000ce0   0x08000ce0   0x00000164   Code   RO         2826    i.Action_Put_Obj_To_Map_213  action.o
    0x08000e44   0x08000e44   0x0000014c   Code   RO         2827    i.Action_Put_Obj_To_Map_231  action.o
    0x08000f90   0x08000f90   0x0000013c   Code   RO         2828    i.Action_Put_Obj_To_Map_312  action.o
    0x080010cc   0x080010cc   0x000000f4   Code   RO         2829    i.Action_Put_Obj_To_Map_321  action.o
    0x080011c0   0x080011c0   0x000000e8   Code   RO         2830    i.Action_Put_Obj_To_Map_321_Tempstore  action.o
    0x080012a8   0x080012a8   0x00000020   Code   RO         3554    i.Backward          servo.o
    0x080012c8   0x080012c8   0x00000002   Code   RO         3137    i.BusFault_Handler  stm32f4xx_it.o
    0x080012ca   0x080012ca   0x00000002   PAD
    0x080012cc   0x080012cc   0x00000214   Code   RO         3329    i.Car_Calibration   motor_ctrl.o
    0x080014e0   0x080014e0   0x0000011c   Code   RO         3332    i.Car_Go_Target     motor_ctrl.o
    0x080015fc   0x080015fc   0x00000050   Code   RO         3334    i.Car_Turn          motor_ctrl.o
    0x0800164c   0x0800164c   0x00000154   Code   RO         3335    i.Car_Turn_NoUse_IMU  motor_ctrl.o
    0x080017a0   0x080017a0   0x00000244   Code   RO         3336    i.Car_Turn_Use_IMU  motor_ctrl.o
    0x080019e4   0x080019e4   0x00000020   Code   RO         3555    i.Crawl_Close       servo.o
    0x08001a04   0x08001a04   0x0000001c   Code   RO         3556    i.Crawl_Open        servo.o
    0x08001a20   0x08001a20   0x0000000c   Code   RO         3138    i.DMA1_Stream5_IRQHandler  stm32f4xx_it.o
    0x08001a2c   0x08001a2c   0x0000000c   Code   RO         3139    i.DMA1_Stream6_IRQHandler  stm32f4xx_it.o
    0x08001a38   0x08001a38   0x00000028   Code   RO         1539    i.DMA_CalcBaseAndBitshift  stm32f4xx_hal_dma.o
    0x08001a60   0x08001a60   0x00000054   Code   RO         1540    i.DMA_CheckFifoParam  stm32f4xx_hal_dma.o
    0x08001ab4   0x08001ab4   0x00000028   Code   RO         1541    i.DMA_SetConfig     stm32f4xx_hal_dma.o
    0x08001adc   0x08001adc   0x00000002   Code   RO         3140    i.DebugMon_Handler  stm32f4xx_it.o
    0x08001ade   0x08001ade   0x00000002   PAD
    0x08001ae0   0x08001ae0   0x0000003c   Code   RO         3699    i.Delay_ms          delay.o
    0x08001b1c   0x08001b1c   0x00000034   Code   RO         3700    i.Delay_us          delay.o
    0x08001b50   0x08001b50   0x00000004   Code   RO         2912    i.Error_Handler     main.o
    0x08001b54   0x08001b54   0x00000002   Code   RO         3141    i.FPU_IRQHandler    stm32f4xx_it.o
    0x08001b56   0x08001b56   0x0000002c   Code   RO         3778    i.FSUS_CalcChecksum  fashion_star_uart_servo.o
    0x08001b82   0x08001b82   0x0000003a   Code   RO         3781    i.FSUS_Package2RingBuffer  fashion_star_uart_servo.o
    0x08001bbc   0x08001bbc   0x00000058   Code   RO         3783    i.FSUS_QueryServoAngle  fashion_star_uart_servo.o
    0x08001c14   0x08001c14   0x00000068   Code   RO         3784    i.FSUS_QueryServoAngleMTurn  fashion_star_uart_servo.o
    0x08001c7c   0x08001c7c   0x00000106   Code   RO         3786    i.FSUS_RecvPackage  fashion_star_uart_servo.o
    0x08001d82   0x08001d82   0x00000038   Code   RO         3789    i.FSUS_SendPackage  fashion_star_uart_servo.o
    0x08001dba   0x08001dba   0x00000002   PAD
    0x08001dbc   0x08001dbc   0x000000ac   Code   RO         3792    i.FSUS_SetServoAngle  fashion_star_uart_servo.o
    0x08001e68   0x08001e68   0x00000060   Code   RO         3798    i.FSUS_Wait         fashion_star_uart_servo.o
    0x08001ec8   0x08001ec8   0x00000020   Code   RO         3569    i.Forward           servo.o
    0x08001ee8   0x08001ee8   0x00000092   Code   RO         1542    i.HAL_DMA_Abort     stm32f4xx_hal_dma.o
    0x08001f7a   0x08001f7a   0x00000024   Code   RO         1543    i.HAL_DMA_Abort_IT  stm32f4xx_hal_dma.o
    0x08001f9e   0x08001f9e   0x00000002   PAD
    0x08001fa0   0x08001fa0   0x000001a0   Code   RO         1547    i.HAL_DMA_IRQHandler  stm32f4xx_hal_dma.o
    0x08002140   0x08002140   0x000000d4   Code   RO         1548    i.HAL_DMA_Init      stm32f4xx_hal_dma.o
    0x08002214   0x08002214   0x0000006e   Code   RO         1552    i.HAL_DMA_Start_IT  stm32f4xx_hal_dma.o
    0x08002282   0x08002282   0x00000002   PAD
    0x08002284   0x08002284   0x00000024   Code   RO         1979    i.HAL_Delay         stm32f4xx_hal.o
    0x080022a8   0x080022a8   0x000001f0   Code   RO         1435    i.HAL_GPIO_Init     stm32f4xx_hal_gpio.o
    0x08002498   0x08002498   0x0000000c   Code   RO         1985    i.HAL_GetTick       stm32f4xx_hal.o
    0x080024a4   0x080024a4   0x00000010   Code   RO         1991    i.HAL_IncTick       stm32f4xx_hal.o
    0x080024b4   0x080024b4   0x00000034   Code   RO         1992    i.HAL_Init          stm32f4xx_hal.o
    0x080024e8   0x080024e8   0x00000040   Code   RO         1993    i.HAL_InitTick      stm32f4xx_hal.o
    0x08002528   0x08002528   0x00000040   Code   RO         3267    i.HAL_MspInit       stm32f4xx_hal_msp.o
    0x08002568   0x08002568   0x0000001a   Code   RO         1827    i.HAL_NVIC_EnableIRQ  stm32f4xx_hal_cortex.o
    0x08002582   0x08002582   0x00000002   PAD
    0x08002584   0x08002584   0x00000040   Code   RO         1833    i.HAL_NVIC_SetPriority  stm32f4xx_hal_cortex.o
    0x080025c4   0x080025c4   0x00000024   Code   RO         1834    i.HAL_NVIC_SetPriorityGrouping  stm32f4xx_hal_cortex.o
    0x080025e8   0x080025e8   0x00000134   Code   RO         1081    i.HAL_RCC_ClockConfig  stm32f4xx_hal_rcc.o
    0x0800271c   0x0800271c   0x00000020   Code   RO         1088    i.HAL_RCC_GetPCLK1Freq  stm32f4xx_hal_rcc.o
    0x0800273c   0x0800273c   0x00000020   Code   RO         1089    i.HAL_RCC_GetPCLK2Freq  stm32f4xx_hal_rcc.o
    0x0800275c   0x0800275c   0x00000060   Code   RO         1090    i.HAL_RCC_GetSysClockFreq  stm32f4xx_hal_rcc.o
    0x080027bc   0x080027bc   0x0000036c   Code   RO         1093    i.HAL_RCC_OscConfig  stm32f4xx_hal_rcc.o
    0x08002b28   0x08002b28   0x00000028   Code   RO         1838    i.HAL_SYSTICK_Config  stm32f4xx_hal_cortex.o
    0x08002b50   0x08002b50   0x00000002   Code   RO          813    i.HAL_TIMEx_BreakCallback  stm32f4xx_hal_tim_ex.o
    0x08002b52   0x08002b52   0x00000002   Code   RO          814    i.HAL_TIMEx_CommutCallback  stm32f4xx_hal_tim_ex.o
    0x08002b54   0x08002b54   0x00000090   Code   RO          832    i.HAL_TIMEx_MasterConfigSynchronization  stm32f4xx_hal_tim_ex.o
    0x08002be4   0x08002be4   0x0000005a   Code   RO           15    i.HAL_TIM_Base_Init  stm32f4xx_hal_tim.o
    0x08002c3e   0x08002c3e   0x00000002   PAD
    0x08002c40   0x08002c40   0x0000003c   Code   RO         3030    i.HAL_TIM_Base_MspInit  tim.o
    0x08002c7c   0x08002c7c   0x00000080   Code   RO           20    i.HAL_TIM_Base_Start_IT  stm32f4xx_hal_tim.o
    0x08002cfc   0x08002cfc   0x00000002   Code   RO           49    i.HAL_TIM_IC_CaptureCallback  stm32f4xx_hal_tim.o
    0x08002cfe   0x08002cfe   0x00000130   Code   RO           63    i.HAL_TIM_IRQHandler  stm32f4xx_hal_tim.o
    0x08002e2e   0x08002e2e   0x00000002   Code   RO           66    i.HAL_TIM_OC_DelayElapsedCallback  stm32f4xx_hal_tim.o
    0x08002e30   0x08002e30   0x00000002   Code   RO           93    i.HAL_TIM_PWM_PulseFinishedCallback  stm32f4xx_hal_tim.o
    0x08002e32   0x08002e32   0x00000002   PAD
    0x08002e34   0x08002e34   0x0000008c   Code   RO         3745    i.HAL_TIM_PeriodElapsedCallback  usr_tim.o
    0x08002ec0   0x08002ec0   0x00000002   Code   RO          106    i.HAL_TIM_TriggerCallback  stm32f4xx_hal_tim.o
    0x08002ec2   0x08002ec2   0x00000002   Code   RO         2242    i.HAL_UARTEx_RxEventCallback  stm32f4xx_hal_uart.o
    0x08002ec4   0x08002ec4   0x00000070   Code   RO         2254    i.HAL_UART_DMAStop  stm32f4xx_hal_uart.o
    0x08002f34   0x08002f34   0x00000002   Code   RO         2256    i.HAL_UART_ErrorCallback  stm32f4xx_hal_uart.o
    0x08002f36   0x08002f36   0x00000002   PAD
    0x08002f38   0x08002f38   0x00000270   Code   RO         2259    i.HAL_UART_IRQHandler  stm32f4xx_hal_uart.o
    0x080031a8   0x080031a8   0x00000064   Code   RO         2260    i.HAL_UART_Init     stm32f4xx_hal_uart.o
    0x0800320c   0x0800320c   0x00000254   Code   RO         3072    i.HAL_UART_MspInit  usart.o
    0x08003460   0x08003460   0x0000001c   Code   RO         2264    i.HAL_UART_Receive_DMA  stm32f4xx_hal_uart.o
    0x0800347c   0x0800347c   0x0000001c   Code   RO         2265    i.HAL_UART_Receive_IT  stm32f4xx_hal_uart.o
    0x08003498   0x08003498   0x0000006c   Code   RO         3142    i.HAL_UART_RxCpltCallback  stm32f4xx_it.o
    0x08003504   0x08003504   0x00000030   Code   RO         4128    i.HAL_UART_RxCpltCallback_Servo  user_uart.o
    0x08003534   0x08003534   0x00000002   Code   RO         2267    i.HAL_UART_RxHalfCpltCallback  stm32f4xx_hal_uart.o
    0x08003536   0x08003536   0x000000a0   Code   RO         2268    i.HAL_UART_Transmit  stm32f4xx_hal_uart.o
    0x080035d6   0x080035d6   0x00000002   PAD
    0x080035d8   0x080035d8   0x00000078   Code   RO         2269    i.HAL_UART_Transmit_DMA  stm32f4xx_hal_uart.o
    0x08003650   0x08003650   0x00000002   Code   RO         2271    i.HAL_UART_TxCpltCallback  stm32f4xx_hal_uart.o
    0x08003652   0x08003652   0x00000002   Code   RO         2272    i.HAL_UART_TxHalfCpltCallback  stm32f4xx_hal_uart.o
    0x08003654   0x08003654   0x00000002   Code   RO         3143    i.HardFault_Handler  stm32f4xx_it.o
    0x08003656   0x08003656   0x00000002   PAD
    0x08003658   0x08003658   0x00000024   Code   RO         3337    i.HuaGui_Fang_To_Map  motor_ctrl.o
    0x0800367c   0x0800367c   0x00000024   Code   RO         3339    i.HuaGui_Get_From_Map  motor_ctrl.o
    0x080036a0   0x080036a0   0x00000020   Code   RO         3341    i.HuaGui_UP         motor_ctrl.o
    0x080036c0   0x080036c0   0x00000024   Code   RO         3342    i.HuaGui_ZaiWu      motor_ctrl.o
    0x080036e4   0x080036e4   0x00000024   Code   RO         3343    i.HuaGui_ZhuanPan   motor_ctrl.o
    0x08003708   0x08003708   0x00000040   Code   RO         3291    i.IMU_Data_Init     imu.o
    0x08003748   0x08003748   0x000000b0   Code   RO         3292    i.IMU_Data_Proc     imu.o
    0x080037f8   0x080037f8   0x00000020   Code   RO         2773    i.Jetson_Init       jetson.o
    0x08003818   0x08003818   0x0000012c   Code   RO         2774    i.Jetson_Receive_Data  jetson.o
    0x08003944   0x08003944   0x00000048   Code   RO         2775    i.Jetson_Send       jetson.o
    0x0800398c   0x0800398c   0x00000020   Code   RO         3570    i.Location_First    servo.o
    0x080039ac   0x080039ac   0x00000020   Code   RO         3571    i.Location_Second   servo.o
    0x080039cc   0x080039cc   0x00000020   Code   RO         3572    i.Location_Third    servo.o
    0x080039ec   0x080039ec   0x0000003c   Code   RO         3005    i.MX_DMA_Init       dma.o
    0x08003a28   0x08003a28   0x0000005c   Code   RO         2981    i.MX_GPIO_Init      gpio.o
    0x08003a84   0x08003a84   0x00000048   Code   RO         3031    i.MX_TIM6_Init      tim.o
    0x08003acc   0x08003acc   0x00000038   Code   RO         3073    i.MX_UART4_Init     usart.o
    0x08003b04   0x08003b04   0x00000038   Code   RO         3074    i.MX_UART5_Init     usart.o
    0x08003b3c   0x08003b3c   0x00000038   Code   RO         3075    i.MX_USART1_UART_Init  usart.o
    0x08003b74   0x08003b74   0x00000038   Code   RO         3076    i.MX_USART2_UART_Init  usart.o
    0x08003bac   0x08003bac   0x00000038   Code   RO         3077    i.MX_USART3_UART_Init  usart.o
    0x08003be4   0x08003be4   0x00000002   Code   RO         3144    i.MemManage_Handler  stm32f4xx_it.o
    0x08003be6   0x08003be6   0x00000002   PAD
    0x08003be8   0x08003be8   0x00000038   Code   RO         3347    i.Motor_Enable      motor_ctrl.o
    0x08003c20   0x08003c20   0x00000024   Code   RO         3348    i.Motor_Enable_All  motor_ctrl.o
    0x08003c44   0x08003c44   0x0000004c   Code   RO         3349    i.Motor_Init        motor_ctrl.o
    0x08003c90   0x08003c90   0x000000ec   Code   RO         3351    i.Motor_Receive_Data  motor_ctrl.o
    0x08003d7c   0x08003d7c   0x0000005c   Code   RO         3352    i.Motor_Reset       motor_ctrl.o
    0x08003dd8   0x08003dd8   0x00000028   Code   RO         3353    i.Motor_Run         motor_ctrl.o
    0x08003e00   0x08003e00   0x00000084   Code   RO         3354    i.Motor_SetPosition  motor_ctrl.o
    0x08003e84   0x08003e84   0x000000a4   Code   RO         3355    i.Motor_SetPosition_A  motor_ctrl.o
    0x08003f28   0x08003f28   0x00000058   Code   RO         3356    i.Motor_SetSpeed    motor_ctrl.o
    0x08003f80   0x08003f80   0x00000008   Code   RO         3358    i.My_ABS            motor_ctrl.o
    0x08003f88   0x08003f88   0x00000002   Code   RO         3145    i.NMI_Handler       stm32f4xx_it.o
    0x08003f8a   0x08003f8a   0x00000002   Code   RO         3146    i.PendSV_Handler    stm32f4xx_it.o
    0x08003f8c   0x08003f8c   0x00000010   Code   RO         3968    i.RingBuffer_GetByteFree  ring_buffer.o
    0x08003f9c   0x08003f9c   0x00000016   Code   RO         3969    i.RingBuffer_GetByteUsed  ring_buffer.o
    0x08003fb2   0x08003fb2   0x00000026   Code   RO         3971    i.RingBuffer_GetChecksum  ring_buffer.o
    0x08003fd8   0x08003fd8   0x0000002a   Code   RO         3972    i.RingBuffer_GetValueByIndex  ring_buffer.o
    0x08004002   0x08004002   0x00000020   Code   RO         3973    i.RingBuffer_Init   ring_buffer.o
    0x08004022   0x08004022   0x0000001a   Code   RO         3974    i.RingBuffer_IsEmpty  ring_buffer.o
    0x0800403c   0x0800403c   0x00000010   Code   RO         3975    i.RingBuffer_IsFull  ring_buffer.o
    0x0800404c   0x0800404c   0x0000002a   Code   RO         3976    i.RingBuffer_Pop    ring_buffer.o
    0x08004076   0x08004076   0x0000002a   Code   RO         3977    i.RingBuffer_Push   ring_buffer.o
    0x080040a0   0x080040a0   0x00000004   Code   RO         3978    i.RingBuffer_ReadByte  ring_buffer.o
    0x080040a4   0x080040a4   0x00000004   Code   RO         3986    i.RingBuffer_WriteByte  ring_buffer.o
    0x080040a8   0x080040a8   0x0000001e   Code   RO         3987    i.RingBuffer_WriteByteArray  ring_buffer.o
    0x080040c6   0x080040c6   0x0000000c   Code   RO         3990    i.RingBuffer_WriteShort  ring_buffer.o
    0x080040d2   0x080040d2   0x0000000c   Code   RO         3992    i.RingBuffer_WriteUShort  ring_buffer.o
    0x080040de   0x080040de   0x00000002   Code   RO         3147    i.SVC_Handler       stm32f4xx_it.o
    0x080040e0   0x080040e0   0x0000000c   Code   RO         2631    i.StateMachine_Init  stamachine.o
    0x080040ec   0x080040ec   0x000006c0   Code   RO         2633    i.StateMachine_Update  stamachine.o
    0x080047ac   0x080047ac   0x00000004   Code   RO         3148    i.SysTick_Handler   stm32f4xx_it.o
    0x080047b0   0x080047b0   0x00000090   Code   RO         2913    i.SystemClock_Config  main.o
    0x08004840   0x08004840   0x00000010   Code   RO         2594    i.SystemInit        system_stm32f4xx.o
    0x08004850   0x08004850   0x0000000c   Code   RO         3149    i.TIM6_DAC_IRQHandler  stm32f4xx_it.o
    0x0800485c   0x0800485c   0x000000d8   Code   RO          108    i.TIM_Base_SetConfig  stm32f4xx_hal_tim.o
    0x08004934   0x08004934   0x0000000c   Code   RO         3150    i.UART5_IRQHandler  stm32f4xx_it.o
    0x08004940   0x08004940   0x00000010   Code   RO         2273    i.UART_DMAAbortOnError  stm32f4xx_hal_uart.o
    0x08004950   0x08004950   0x0000004a   Code   RO         2274    i.UART_DMAError     stm32f4xx_hal_uart.o
    0x0800499a   0x0800499a   0x00000086   Code   RO         2275    i.UART_DMAReceiveCplt  stm32f4xx_hal_uart.o
    0x08004a20   0x08004a20   0x0000001e   Code   RO         2277    i.UART_DMARxHalfCplt  stm32f4xx_hal_uart.o
    0x08004a3e   0x08004a3e   0x00000042   Code   RO         2279    i.UART_DMATransmitCplt  stm32f4xx_hal_uart.o
    0x08004a80   0x08004a80   0x0000000a   Code   RO         2281    i.UART_DMATxHalfCplt  stm32f4xx_hal_uart.o
    0x08004a8a   0x08004a8a   0x0000004e   Code   RO         2283    i.UART_EndRxTransfer  stm32f4xx_hal_uart.o
    0x08004ad8   0x08004ad8   0x0000001c   Code   RO         2284    i.UART_EndTxTransfer  stm32f4xx_hal_uart.o
    0x08004af4   0x08004af4   0x000000c2   Code   RO         2285    i.UART_Receive_IT   stm32f4xx_hal_uart.o
    0x08004bb6   0x08004bb6   0x00000002   PAD
    0x08004bb8   0x08004bb8   0x0000010c   Code   RO         2286    i.UART_SetConfig    stm32f4xx_hal_uart.o
    0x08004cc4   0x08004cc4   0x00000090   Code   RO         2287    i.UART_Start_Receive_DMA  stm32f4xx_hal_uart.o
    0x08004d54   0x08004d54   0x00000036   Code   RO         2288    i.UART_Start_Receive_IT  stm32f4xx_hal_uart.o
    0x08004d8a   0x08004d8a   0x00000072   Code   RO         2289    i.UART_WaitOnFlagUntilTimeout  stm32f4xx_hal_uart.o
    0x08004dfc   0x08004dfc   0x00000020   Code   RO         2734    i.UI_Init           ui.o
    0x08004e1c   0x08004e1c   0x00000044   Code   RO         2735    i.UI_Receive_Data   ui.o
    0x08004e60   0x08004e60   0x0000000c   Code   RO         3151    i.USART1_IRQHandler  stm32f4xx_it.o
    0x08004e6c   0x08004e6c   0x00000030   Code   RO         3152    i.USART2_IRQHandler  stm32f4xx_it.o
    0x08004e9c   0x08004e9c   0x0000000c   Code   RO         3153    i.USART3_IRQHandler  stm32f4xx_it.o
    0x08004ea8   0x08004ea8   0x00000002   Code   RO         3154    i.UsageFault_Handler  stm32f4xx_it.o
    0x08004eaa   0x08004eaa   0x00000028   Code   RO         4129    i.Usart_SendAll     user_uart.o
    0x08004ed2   0x08004ed2   0x00000002   PAD
    0x08004ed4   0x08004ed4   0x0000004c   Code   RO         4130    i.User_Uart_Init    user_uart.o
    0x08004f20   0x08004f20   0x00000020   Code   RO         4434    i.__0printf         mc_w.l(printfa.o)
    0x08004f40   0x08004f40   0x00000028   Code   RO         4436    i.__0sprintf        mc_w.l(printfa.o)
    0x08004f68   0x08004f68   0x00000020   Code   RO         1840    i.__NVIC_SetPriority  stm32f4xx_hal_cortex.o
    0x08004f88   0x08004f88   0x0000007a   Code   RO         4182    i.__hardfp_sqrt     m_wm.l(sqrt.o)
    0x08005002   0x08005002   0x0000000e   Code   RO         4580    i.__scatterload_copy  mc_w.l(handlers.o)
    0x08005010   0x08005010   0x00000002   Code   RO         4581    i.__scatterload_null  mc_w.l(handlers.o)
    0x08005012   0x08005012   0x0000000e   Code   RO         4582    i.__scatterload_zeroinit  mc_w.l(handlers.o)
    0x08005020   0x08005020   0x0000000c   Code   RO         4556    i.__set_errno       mc_w.l(errno.o)
    0x0800502c   0x0800502c   0x00000184   Code   RO         4441    i._fp_digits        mc_w.l(printfa.o)
    0x080051b0   0x080051b0   0x000006b4   Code   RO         4442    i._printf_core      mc_w.l(printfa.o)
    0x08005864   0x08005864   0x00000024   Code   RO         4443    i._printf_post_padding  mc_w.l(printfa.o)
    0x08005888   0x08005888   0x0000002e   Code   RO         4444    i._printf_pre_padding  mc_w.l(printfa.o)
    0x080058b6   0x080058b6   0x0000000a   Code   RO         4446    i._sputc            mc_w.l(printfa.o)
    0x080058c0   0x080058c0   0x00000012   Code   RO         3360    i.float2int32       motor_ctrl.o
    0x080058d2   0x080058d2   0x00000002   PAD
    0x080058d4   0x080058d4   0x00000018   Code   RO         2914    i.fputc             main.o
    0x080058ec   0x080058ec   0x0000006c   Code   RO         2915    i.main              main.o
    0x08005958   0x08005958   0x00000008   Data   RO         1554    .constdata          stm32f4xx_hal_dma.o
    0x08005960   0x08005960   0x00000010   Data   RO         2595    .constdata          system_stm32f4xx.o
    0x08005970   0x08005970   0x00000008   Data   RO         2596    .constdata          system_stm32f4xx.o
    0x08005978   0x08005978   0x00000020   Data   RO         4578    Region$$Table       anon$$obj.o


    Execution Region RW_IRAM2 (Exec base: 0x10000000, Load base: 0x08005a2c, Size: 0x00000000, Max: 0x00010000, ABSOLUTE)

    **** No section assigned to this execution region ****


    Execution Region RW_IRAM1 (Exec base: 0x20000000, Load base: 0x08005998, Size: 0x00000b70, Max: 0x00020000, ABSOLUTE)

    Exec Addr    Load Addr    Size         Type   Attr      Idx    E Section Name        Object

    0x20000000   0x08005998   0x0000000c   Data   RW         1999    .data               stm32f4xx_hal.o
    0x2000000c   0x080059a4   0x00000004   Data   RW         2597    .data               system_stm32f4xx.o
    0x20000010   0x080059a8   0x00000005   Data   RW         2634    .data               stamachine.o
    0x20000015   0x080059ad   0x00000003   Data   RW         2736    .data               ui.o
    0x20000018   0x080059b0   0x0000000e   Data   RW         2777    .data               jetson.o
    0x20000026   0x080059be   0x00000002   Data   RW         2832    .data               action.o
    0x20000028   0x080059c0   0x0000000c   Data   RW         3294    .data               imu.o
    0x20000034   0x080059cc   0x00000034   Data   RW         3362    .data               motor_ctrl.o
    0x20000068   0x08005a00   0x00000004   Data   RW         3574    .data               servo.o
    0x2000006c   0x08005a04   0x00000001   Data   RW         3702    .data               delay.o
    0x2000006d   0x08005a05   0x00000003   PAD
    0x20000070   0x08005a08   0x00000018   Data   RW         3746    .data               usr_tim.o
    0x20000088   0x08005a20   0x00000001   Data   RW         4132    .data               user_uart.o
    0x20000089   0x08005a21   0x00000003   PAD
    0x2000008c   0x08005a24   0x00000004   Data   RW         4539    .data               mc_w.l(stdout.o)
    0x20000090   0x08005a28   0x00000004   Data   RW         4557    .data               mc_w.l(errno.o)
    0x20000094        -       0x00000012   Zero   RW         2776    .bss                jetson.o
    0x200000a6   0x08005a2c   0x00000002   PAD
    0x200000a8        -       0x00000048   Zero   RW         3032    .bss                tim.o
    0x200000f0        -       0x00000228   Zero   RW         3078    .bss                usart.o
    0x20000318        -       0x0000001e   Zero   RW         3293    .bss                imu.o
    0x20000336        -       0x00000028   Zero   RW         3361    .bss                motor_ctrl.o
    0x2000035e   0x08005a2c   0x00000002   PAD
    0x20000360        -       0x00000410   Zero   RW         4131    .bss                user_uart.o
    0x20000770        -       0x00000400   Zero   RW            1    STACK               startup_stm32f407xx.o


==============================================================================

Image component sizes


      Code (inc. data)   RO Data    RW Data    ZI Data      Debug   Object Name

      2542        386          0          2          0       8079   action.o
       112         10          0          1          0       1430   delay.o
        60          4          0          0          0        826   dma.o
       880         36          0          0          0      11389   fashion_star_uart_servo.o
        92          6          0          0          0        951   gpio.o
       240         62          0         12         30       1767   imu.o
       404         76          0         14         18       2869   jetson.o
       280         28          0          0          0       2972   main.o
      2938        262          0         52         40      17735   motor_ctrl.o
       338          0          0          0          0       9660   ring_buffer.o
       220         52          0          4          0       4951   servo.o
      1740        214          0          5          0       6660   stamachine.o
        36          8        392          0       1024        848   startup_stm32f407xx.o
       180         28          0         12          0       9581   stm32f4xx_hal.o
       198         14          0          0          0      33955   stm32f4xx_hal_cortex.o
      1084         16          8          0          0       7546   stm32f4xx_hal_dma.o
       496         46          0          0          0       1580   stm32f4xx_hal_gpio.o
        64          4          0          0          0        922   stm32f4xx_hal_msp.o
      1344         72          0          0          0       5372   stm32f4xx_hal_rcc.o
       746         74          0          0          0     698045   stm32f4xx_hal_tim.o
       148         28          0          0          0       2577   stm32f4xx_hal_tim_ex.o
      2392         44          0          0          0      20183   stm32f4xx_hal_uart.o
       250         68          0          0          0       9748   stm32f4xx_it.o
        16          4         24          4          0       1195   system_stm32f4xx.o
       132         20          0          0         72       1690   tim.o
       100         18          0          3          0       1707   ui.o
       876         90          0          0        552       4896   usart.o
       164         24          0          1       1040       3070   user_uart.o
       140         18          0         24          0       1728   usr_tim.o

    ----------------------------------------------------------------------
     18244       1712        456        140       2780     873932   Object Totals
         0          0         32          0          0          0   (incl. Generated)
        32          0          0          6          4          0   (incl. Padding)

    ----------------------------------------------------------------------

      Code (inc. data)   RO Data    RW Data    ZI Data      Debug   Library Member Name

       122          0          0          0          0        148   sqrt.o
         0          0          0          0          0          0   entry.o
         0          0          0          0          0          0   entry10a.o
         0          0          0          0          0          0   entry11a.o
         4          0          0          0          0          0   entry12b.o
         8          4          0          0          0          0   entry2.o
         4          0          0          0          0          0   entry5.o
         0          0          0          0          0          0   entry7b.o
         0          0          0          0          0          0   entry8b.o
         8          4          0          0          0          0   entry9a.o
        12          6          0          4          0         68   errno.o
        30          0          0          0          0          0   handlers.o
        36          8          0          0          0         68   init.o
         0          0          0          0          0          0   iusefp.o
        30          0          0          0          0         68   llshl.o
        36          0          0          0          0         68   llsshr.o
        32          0          0          0          0         68   llushr.o
        36          0          0          0          0        108   memseta.o
      2268         96          0          0          0        616   printfa.o
         0          0          0          4          0          0   stdout.o
        44          0          0          0          0         80   uidiv.o
        98          0          0          0          0         92   uldiv.o
        48          0          0          0          0         68   cdrcmple.o
        56          0          0          0          0         88   d2f.o
       334          0          0          0          0        148   dadd.o
       222          0          0          0          0        100   ddiv.o
       186          0          0          0          0        176   depilogue.o
        48          0          0          0          0         68   dfixul.o
        34          0          0          0          0         76   dflti.o
       228          0          0          0          0         96   dmul.o
       162          0          0          0          0        100   dsqrt.o
        38          0          0          0          0         68   f2d.o
       110          0          0          0          0        168   fepilogue.o

    ----------------------------------------------------------------------
      4236        118          0          8          0       2540   Library Totals
         2          0          0          0          0          0   (incl. Padding)

    ----------------------------------------------------------------------

      Code (inc. data)   RO Data    RW Data    ZI Data      Debug   Library Name

       122          0          0          0          0        148   m_wm.l
      2646        118          0          8          0       1236   mc_w.l
      1466          0          0          0          0       1156   mf_w.l

    ----------------------------------------------------------------------
      4236        118          0          8          0       2540   Library Totals

    ----------------------------------------------------------------------

==============================================================================


      Code (inc. data)   RO Data    RW Data    ZI Data      Debug   

     22480       1830        456        148       2780     859380   Grand Totals
     22480       1830        456        148       2780     859380   ELF Image Totals
     22480       1830        456        148          0          0   ROM Totals

==============================================================================

    Total RO  Size (Code + RO Data)                22936 (  22.40kB)
    Total RW  Size (RW Data + ZI Data)              2928 (   2.86kB)
    Total ROM Size (Code + RO Data + RW Data)      23084 (  22.54kB)

==============================================================================

